Component: ARM Compiler 5.06 update 6 (build 750) Tool: armlink [4d35ed]

==============================================================================

Section Cross References

    startup_stm32h723xx.o(RESET) refers to startup_stm32h723xx.o(STACK) for __initial_sp
    startup_stm32h723xx.o(RESET) refers to startup_stm32h723xx.o(.text) for Reset_Handler
    startup_stm32h723xx.o(RESET) refers to stm32h7xx_it.o(i.NMI_Handler) for NMI_Handler
    startup_stm32h723xx.o(RESET) refers to stm32h7xx_it.o(i.HardFault_Handler) for HardFault_Handler
    startup_stm32h723xx.o(RESET) refers to stm32h7xx_it.o(i.MemManage_Handler) for MemManage_Handler
    startup_stm32h723xx.o(RESET) refers to stm32h7xx_it.o(i.BusFault_Handler) for BusFault_Handler
    startup_stm32h723xx.o(RESET) refers to stm32h7xx_it.o(i.UsageFault_Handler) for UsageFault_Handler
    startup_stm32h723xx.o(RESET) refers to port.o(.emb_text) for SVC_Handler
    startup_stm32h723xx.o(RESET) refers to stm32h7xx_it.o(i.DebugMon_Handler) for DebugMon_Handler
    startup_stm32h723xx.o(RESET) refers to port.o(i.SysTick_Handler) for SysTick_Handler
    startup_stm32h723xx.o(RESET) refers to stm32h7xx_it.o(i.DMA1_Stream0_IRQHandler) for DMA1_Stream0_IRQHandler
    startup_stm32h723xx.o(RESET) refers to stm32h7xx_it.o(i.DMA1_Stream1_IRQHandler) for DMA1_Stream1_IRQHandler
    startup_stm32h723xx.o(RESET) refers to stm32h7xx_it.o(i.FDCAN1_IT0_IRQHandler) for FDCAN1_IT0_IRQHandler
    startup_stm32h723xx.o(RESET) refers to stm32h7xx_it.o(i.FDCAN2_IT0_IRQHandler) for FDCAN2_IT0_IRQHandler
    startup_stm32h723xx.o(RESET) refers to stm32h7xx_it.o(i.TIM2_IRQHandler) for TIM2_IRQHandler
    startup_stm32h723xx.o(RESET) refers to stm32h7xx_it.o(i.SPI2_IRQHandler) for SPI2_IRQHandler
    startup_stm32h723xx.o(RESET) refers to stm32h7xx_it.o(i.USART1_IRQHandler) for USART1_IRQHandler
    startup_stm32h723xx.o(RESET) refers to stm32h7xx_it.o(i.FDCAN3_IT0_IRQHandler) for FDCAN3_IT0_IRQHandler
    startup_stm32h723xx.o(.text) refers to system_stm32h7xx.o(i.SystemInit) for SystemInit
    startup_stm32h723xx.o(.text) refers to entry.o(.ARM.Collect$$$$00000000) for __main
    main.o(i.HAL_TIM_PeriodElapsedCallback) refers to stm32h7xx_hal.o(i.HAL_IncTick) for HAL_IncTick
    main.o(i.PeriphCommonClock_Config) refers to memseta.o(.text) for __aeabi_memclr4
    main.o(i.PeriphCommonClock_Config) refers to stm32h7xx_hal_rcc_ex.o(i.HAL_RCCEx_PeriphCLKConfig) for HAL_RCCEx_PeriphCLKConfig
    main.o(i.PeriphCommonClock_Config) refers to main.o(i.Error_Handler) for Error_Handler
    main.o(i.SystemClock_Config) refers to memseta.o(.text) for __aeabi_memclr4
    main.o(i.SystemClock_Config) refers to stm32h7xx_hal_pwr_ex.o(i.HAL_PWREx_ConfigSupply) for HAL_PWREx_ConfigSupply
    main.o(i.SystemClock_Config) refers to stm32h7xx_hal_rcc.o(i.HAL_RCC_OscConfig) for HAL_RCC_OscConfig
    main.o(i.SystemClock_Config) refers to main.o(i.Error_Handler) for Error_Handler
    main.o(i.SystemClock_Config) refers to stm32h7xx_hal_rcc.o(i.HAL_RCC_ClockConfig) for HAL_RCC_ClockConfig
    main.o(i.main) refers to stm32h7xx_hal.o(i.HAL_Init) for HAL_Init
    main.o(i.main) refers to main.o(i.SystemClock_Config) for SystemClock_Config
    main.o(i.main) refers to main.o(i.PeriphCommonClock_Config) for PeriphCommonClock_Config
    main.o(i.main) refers to gpio.o(i.MX_GPIO_Init) for MX_GPIO_Init
    main.o(i.main) refers to dma.o(i.MX_DMA_Init) for MX_DMA_Init
    main.o(i.main) refers to spi.o(i.MX_SPI2_Init) for MX_SPI2_Init
    main.o(i.main) refers to fdcan.o(i.MX_FDCAN1_Init) for MX_FDCAN1_Init
    main.o(i.main) refers to fdcan.o(i.MX_FDCAN2_Init) for MX_FDCAN2_Init
    main.o(i.main) refers to tim.o(i.MX_TIM3_Init) for MX_TIM3_Init
    main.o(i.main) refers to fdcan.o(i.MX_FDCAN3_Init) for MX_FDCAN3_Init
    main.o(i.main) refers to usart.o(i.MX_USART1_UART_Init) for MX_USART1_UART_Init
    main.o(i.main) refers to tim.o(i.MX_TIM12_Init) for MX_TIM12_Init
    main.o(i.main) refers to bsp_dwt.o(i.DWT_Init) for DWT_Init
    main.o(i.main) refers to bmi088driver.o(i.BMI088_init) for BMI088_init
    main.o(i.main) refers to stm32h7xx_hal_gpio.o(i.HAL_GPIO_WritePin) for HAL_GPIO_WritePin
    main.o(i.main) refers to can_bsp.o(i.FDCAN1_Config) for FDCAN1_Config
    main.o(i.main) refers to can_bsp.o(i.FDCAN2_Config) for FDCAN2_Config
    main.o(i.main) refers to freertos.o(i.MX_FREERTOS_Init) for MX_FREERTOS_Init
    main.o(i.main) refers to cmsis_os.o(i.osKernelStart) for osKernelStart
    main.o(i.main) refers to spi.o(.bss) for hspi2
    gpio.o(i.MX_GPIO_Init) refers to memseta.o(.text) for __aeabi_memclr4
    gpio.o(i.MX_GPIO_Init) refers to stm32h7xx_hal_gpio.o(i.HAL_GPIO_WritePin) for HAL_GPIO_WritePin
    gpio.o(i.MX_GPIO_Init) refers to stm32h7xx_hal_gpio.o(i.HAL_GPIO_Init) for HAL_GPIO_Init
    freertos.o(i.ChassisL_Task) refers to chassisl_task.o(i.ChassisL_task) for ChassisL_task
    freertos.o(i.ChassisR_Task) refers to chassisr_task.o(i.ChassisR_task) for ChassisR_task
[...]
    HAL_RCC_GetPCLK2Freq                     0x08007325   Thumb Code    26  stm32h7xx_hal_rcc.o(i.HAL_RCC_GetPCLK2Freq)
    HAL_RCC_GetSysClockFreq                  0x08007349   Thumb Code   524  stm32h7xx_hal_rcc.o(i.HAL_RCC_GetSysClockFreq)
    HAL_RCC_OscConfig                        0x08007575   Thumb Code  1874  stm32h7xx_hal_rcc.o(i.HAL_RCC_OscConfig)
    HAL_SPI_ErrorCallback                    0x08007cd1   Thumb Code     2  stm32h7xx_hal_spi.o(i.HAL_SPI_ErrorCallback)
    HAL_SPI_IRQHandler                       0x08007cd5   Thumb Code   654  stm32h7xx_hal_spi.o(i.HAL_SPI_IRQHandler)
    HAL_SPI_Init                             0x08007f69   Thumb Code   420  stm32h7xx_hal_spi.o(i.HAL_SPI_Init)
    HAL_SPI_MspInit                          0x08008119   Thumb Code   348  spi.o(i.HAL_SPI_MspInit)
    HAL_SPI_RxCpltCallback                   0x08008291   Thumb Code     2  stm32h7xx_hal_spi.o(i.HAL_SPI_RxCpltCallback)
    HAL_SPI_SuspendCallback                  0x08008293   Thumb Code     2  stm32h7xx_hal_spi.o(i.HAL_SPI_SuspendCallback)
    HAL_SPI_TransmitReceive                  0x08008295   Thumb Code   770  stm32h7xx_hal_spi.o(i.HAL_SPI_TransmitReceive)
    HAL_SPI_TxCpltCallback                   0x08008597   Thumb Code     2  stm32h7xx_hal_spi.o(i.HAL_SPI_TxCpltCallback)
    HAL_SPI_TxRxCpltCallback                 0x08008599   Thumb Code     2  stm32h7xx_hal_spi.o(i.HAL_SPI_TxRxCpltCallback)
    HAL_TIMEx_Break2Callback                 0x0800859b   Thumb Code     2  stm32h7xx_hal_tim_ex.o(i.HAL_TIMEx_Break2Callback)
    HAL_TIMEx_BreakCallback                  0x0800859d   Thumb Code     2  stm32h7xx_hal_tim_ex.o(i.HAL_TIMEx_BreakCallback)
    HAL_TIMEx_CommutCallback                 0x0800859f   Thumb Code     2  stm32h7xx_hal_tim_ex.o(i.HAL_TIMEx_CommutCallback)
    HAL_TIMEx_MasterConfigSynchronization    0x080085a1   Thumb Code   190  stm32h7xx_hal_tim_ex.o(i.HAL_TIMEx_MasterConfigSynchronization)
    HAL_TIM_Base_Init                        0x08008685   Thumb Code   110  stm32h7xx_hal_tim.o(i.HAL_TIM_Base_Init)
    HAL_TIM_Base_MspInit                     0x080086f3   Thumb Code     2  stm32h7xx_hal_tim.o(i.HAL_TIM_Base_MspInit)
    HAL_TIM_Base_Start_IT                    0x080086f5   Thumb Code   162  stm32h7xx_hal_tim.o(i.HAL_TIM_Base_Start_IT)
    HAL_TIM_IC_CaptureCallback               0x080087c1   Thumb Code     2  stm32h7xx_hal_tim.o(i.HAL_TIM_IC_CaptureCallback)
    HAL_TIM_IRQHandler                       0x080087c3   Thumb Code   440  stm32h7xx_hal_tim.o(i.HAL_TIM_IRQHandler)
    HAL_TIM_MspPostInit                      0x0800897d   Thumb Code   144  tim.o(i.HAL_TIM_MspPostInit)
    HAL_TIM_OC_DelayElapsedCallback          0x08008a1d   Thumb Code     2  stm32h7xx_hal_tim.o(i.HAL_TIM_OC_DelayElapsedCallback)
    HAL_TIM_PWM_ConfigChannel                0x08008a1f   Thumb Code   368  stm32h7xx_hal_tim.o(i.HAL_TIM_PWM_ConfigChannel)
    HAL_TIM_PWM_Init                         0x08008b8f   Thumb Code   110  stm32h7xx_hal_tim.o(i.HAL_TIM_PWM_Init)
    HAL_TIM_PWM_MspInit                      0x08008bfd   Thumb Code    76  tim.o(i.HAL_TIM_PWM_MspInit)
    HAL_TIM_PWM_PulseFinishedCallback        0x08008c55   Thumb Code     2  stm32h7xx_hal_tim.o(i.HAL_TIM_PWM_PulseFinishedCallback)
    HAL_TIM_PWM_Start                        0x08008c59   Thumb Code   330  stm32h7xx_hal_tim.o(i.HAL_TIM_PWM_Start)
    HAL_TIM_PWM_Stop                         0x08008dd5   Thumb Code   208  stm32h7xx_hal_tim.o(i.HAL_TIM_PWM_Stop)
    HAL_TIM_PeriodElapsedCallback            0x08008eb9   Thumb Code    18  main.o(i.HAL_TIM_PeriodElapsedCallback)
    HAL_TIM_TriggerCallback                  0x08008ecb   Thumb Code     2  stm32h7xx_hal_tim.o(i.HAL_TIM_TriggerCallback)
    HAL_UARTEx_DisableFifoMode               0x08008ecd   Thumb Code    78  stm32h7xx_hal_uart_ex.o(i.HAL_UARTEx_DisableFifoMode)
    HAL_UARTEx_RxEventCallback               0x08008f1b   Thumb Code     2  stm32h7xx_hal_uart.o(i.HAL_UARTEx_RxEventCallback)
    HAL_UARTEx_RxFifoFullCallback            0x08008f1d   Thumb Code     2  stm32h7xx_hal_uart_ex.o(i.HAL_UARTEx_RxFifoFullCallback)
    HAL_UARTEx_SetRxFifoThreshold            0x08008f1f   Thumb Code    94  stm32h7xx_hal_uart_ex.o(i.HAL_UARTEx_SetRxFifoThreshold)
    HAL_UARTEx_SetTxFifoThreshold            0x08008f7d   Thumb Code    94  stm32h7xx_hal_uart_ex.o(i.HAL_UARTEx_SetTxFifoThreshold)
    HAL_UARTEx_TxFifoEmptyCallback           0x08008fdb   Thumb Code     2  stm32h7xx_hal_uart_ex.o(i.HAL_UARTEx_TxFifoEmptyCallback)
    HAL_UARTEx_WakeupCallback                0x08008fdd   Thumb Code     2  stm32h7xx_hal_uart_ex.o(i.HAL_UARTEx_WakeupCallback)
    HAL_UART_ErrorCallback                   0x08008fdf   Thumb Code     2  stm32h7xx_hal_uart.o(i.HAL_UART_ErrorCallback)
    HAL_UART_IRQHandler                      0x08008fe1   Thumb Code  1172  stm32h7xx_hal_uart.o(i.HAL_UART_IRQHandler)
    HAL_UART_Init                            0x08009475   Thumb Code   120  stm32h7xx_hal_uart.o(i.HAL_UART_Init)
    HAL_UART_MspInit                         0x080094ed   Thumb Code   160  usart.o(i.HAL_UART_MspInit)
    HAL_UART_Receive_IT                      0x08009599   Thumb Code    88  stm32h7xx_hal_uart.o(i.HAL_UART_Receive_IT)
    HAL_UART_RxCpltCallback                  0x080095f5   Thumb Code    62  usart.o(i.HAL_UART_RxCpltCallback)
    HAL_UART_Transmit                        0x08009649   Thumb Code   194  stm32h7xx_hal_uart.o(i.HAL_UART_Transmit)
    HAL_UART_TxCpltCallback                  0x0800970b   Thumb Code     2  stm32h7xx_hal_uart.o(i.HAL_UART_TxCpltCallback)
    HardFault_Handler                        0x0800983d   Thumb Code     4  stm32h7xx_it.o(i.HardFault_Handler)
    INS_Init                                 0x08009841   Thumb Code    32  ins_task.o(i.INS_Init)
    INS_Task                                 0x08009875   Thumb Code     8  freertos.o(i.INS_Task)
    INS_task                                 0x0800987d   Thumb Code   946  ins_task.o(i.INS_task)
    Kalman_Filter_Init                       0x08009ccd   Thumb Code  1800  kalman_filter.o(i.Kalman_Filter_Init)
    Kalman_Filter_Measure                    0x0800a3d9   Thumb Code    74  kalman_filter.o(i.Kalman_Filter_Measure)
    Kalman_Filter_P_Update                   0x0800a429   Thumb Code   104  kalman_filter.o(i.Kalman_Filter_P_Update)
    Kalman_Filter_PminusUpdate               0x0800a491   Thumb Code   104  kalman_filter.o(i.Kalman_Filter_PminusUpdate)
    Kalman_Filter_SetK                       0x0800a4f9   Thumb Code   210  kalman_filter.o(i.Kalman_Filter_SetK)
    Kalman_Filter_Update                     0x0800a5cd   Thumb Code   294  kalman_filter.o(i.Kalman_Filter_Update)
    Kalman_Filter_xhatMinusUpdate            0x0800a6f9   Thumb Code   124  kalman_filter.o(i.Kalman_Filter_xhatMinusUpdate)
    Kalman_Filter_xhatUpdate                 0x0800a775   Thumb Code   134  kalman_filter.o(i.Kalman_Filter_xhatUpdate)
    LQR_K_calc                               0x0800a7fb   Thumb Code    50  vmc_calc.o(i.LQR_K_calc)
    MX_DMA_Init                              0x0800a82d   Thumb Code    64  dma.o(i.MX_DMA_Init)
    MX_FDCAN1_Init                           0x0800a871   Thumb Code   120  fdcan.o(i.MX_FDCAN1_Init)
    MX_FDCAN2_Init                           0x0800a8f1   Thumb Code   118  fdcan.o(i.MX_FDCAN2_Init)
    MX_FDCAN3_Init                           0x0800a971   Thumb Code   120  fdcan.o(i.MX_FDCAN3_Init)
    MX_FREERTOS_Init                         0x0800a9f1   Thumb Code   228  freertos.o(i.MX_FREERTOS_Init)
    MX_GPIO_Init                             0x0800ab01   Thumb Code   356  gpio.o(i.MX_GPIO_Init)
    MX_SPI2_Init                             0x0800ac75   Thumb Code    90  spi.o(i.MX_SPI2_Init)
    MX_TIM12_Init                            0x0800acd9   Thumb Code   120  tim.o(i.MX_TIM12_Init)
    MX_TIM3_Init                             0x0800ad59   Thumb Code   118  tim.o(i.MX_TIM3_Init)
    MX_USART1_UART_Init                      0x0800add9   Thumb Code    98  usart.o(i.MX_USART1_UART_Init)
    MemManage_Handler                        0x0800ae45   Thumb Code     4  stm32h7xx_it.o(i.MemManage_Handler)
    NMI_Handler                              0x0800ae49   Thumb Code     4  stm32h7xx_it.o(i.NMI_Handler)
    OBSERVE_Task                             0x0800ae4d   Thumb Code     8  freertos.o(i.OBSERVE_Task)
    Observe_task                             0x0800ae55   Thumb Code   386  observe_task.o(i.Observe_task)
    PID_Calc                                 0x0800b015   Thumb Code   492  pid.o(i.PID_Calc)
    PID_init                                 0x0800b205   Thumb Code    92  pid.o(i.PID_init)
    PS2_AnologData                           0x0800b265   Thumb Code     8  ps2_task.o(i.PS2_AnologData)
    PS2_ClearData                            0x0800b271   Thumb Code    20  ps2_task.o(i.PS2_ClearData)
    PS2_Cmd                                  0x0800b289   Thumb Code   154  ps2_task.o(i.PS2_Cmd)
    PS2_DataKey                              0x0800b339   Thumb Code    70  ps2_task.o(i.PS2_DataKey)
    PS2_EnterConfing                         0x0800b38d   Thumb Code    96  ps2_task.o(i.PS2_EnterConfing)
    PS2_ExitConfing                          0x0800b3f5   Thumb Code    96  ps2_task.o(i.PS2_ExitConfing)
    PS2_ReadData                             0x0800b45d   Thumb Code   188  ps2_task.o(i.PS2_ReadData)
    PS2_SetInit                              0x0800b531   Thumb Code    28  ps2_task.o(i.PS2_SetInit)
    PS2_ShortPoll                            0x0800b54d   Thumb Code    72  ps2_task.o(i.PS2_ShortPoll)
    PS2_Task                                 0x0800b59d   Thumb Code     8  freertos.o(i.PS2_Task)
    PS2_TurnOnAnalogMode                     0x0800b5a5   Thumb Code    88  ps2_task.o(i.PS2_TurnOnAnalogMode)
    PS2_data_process                         0x0800b605   Thumb Code   970  ps2_task.o(i.PS2_data_process)
    PS2_data_read                            0x0800ba31   Thumb Code   116  ps2_task.o(i.PS2_data_read)
    PS2_mode_switch                          0x0800baa5   Thumb Code   250  ps2_task.o(i.PS2_mode_switch)
    Pensation_init                           0x0800bbb5   Thumb Code    44  chassisr_task.o(i.Pensation_init)
    PeriphCommonClock_Config                 0x0800bbed   Thumb Code    72  main.o(i.PeriphCommonClock_Config)
    RotationMatrix_update                    0x0800befd   Thumb Code   302  mahony_filter.o(i.RotationMatrix_update)
    SPI2_IRQHandler                          0x0800c02d   Thumb Code    10  stm32h7xx_it.o(i.SPI2_IRQHandler)
    StartDefaultTask                         0x0800c18b   Thumb Code    10  freertos.o(i.StartDefaultTask)
    SysTick_Handler                          0x0800c195   Thumb Code    46  port.o(i.SysTick_Handler)
    SystemClock_Config                       0x0800c1c9   Thumb Code   176  main.o(i.SystemClock_Config)
    SystemInit                               0x0800c27d   Thumb Code   192  system_stm32h7xx.o(i.SystemInit)
    TIM2_IRQHandler                          0x0800c35d   Thumb Code    10  stm32h7xx_it.o(i.TIM2_IRQHandler)
    TIM_Base_SetConfig                       0x0800c36d   Thumb Code   182  stm32h7xx_hal_tim.o(i.TIM_Base_SetConfig)
    TIM_CCxChannelCmd                        0x0800c44d   Thumb Code    34  stm32h7xx_hal_tim.o(i.TIM_CCxChannelCmd)
    TIM_OC2_SetConfig                        0x0800c51d   Thumb Code   156  stm32h7xx_hal_tim.o(i.TIM_OC2_SetConfig)
    TIM_Set_PWM                              0x0800c7d9   Thumb Code    58  bsp_pwm.o(i.TIM_Set_PWM)
    UART_AdvFeatureConfig                    0x0800c86d   Thumb Code   248  stm32h7xx_hal_uart.o(i.UART_AdvFeatureConfig)
    UART_CheckIdleState                      0x0800c965   Thumb Code   234  stm32h7xx_hal_uart.o(i.UART_CheckIdleState)
    UART_Control_Task                        0x0800ca4f   Thumb Code    12  uart_control_task.o(i.UART_Control_Task)
    UART_Control_Task_Wrapper                0x0800ca5b   Thumb Code    12  freertos.o(i.UART_Control_Task_Wrapper)
    UART_SetConfig                           0x0800d119   Thumb Code  1558  stm32h7xx_hal_uart.o(i.UART_SetConfig)
    UART_Start_Receive_IT                    0x0800d741   Thumb Code   332  stm32h7xx_hal_uart.o(i.UART_Start_Receive_IT)
    UART_WaitOnFlagUntilTimeout              0x0800d89d   Thumb Code   162  stm32h7xx_hal_uart.o(i.UART_WaitOnFlagUntilTimeout)
    USART1_IRQHandler                        0x0800d941   Thumb Code    10  stm32h7xx_it.o(i.USART1_IRQHandler)
    UartTask                                 0x0800d951   Thumb Code   110  app_uart.o(i.UartTask)
    UsageFault_Handler                       0x0800d9d5   Thumb Code     4  stm32h7xx_it.o(i.UsageFault_Handler)
    VMC_calc_1_left                          0x0800d9d9   Thumb Code   908  vmc_calc.o(i.VMC_calc_1_left)
    VMC_calc_1_right                         0x0800dd75   Thumb Code   892  vmc_calc.o(i.VMC_calc_1_right)
    VMC_calc_2                               0x0800e101   Thumb Code   406  vmc_calc.o(i.VMC_calc_2)
    VMC_init                                 0x0800e299   Thumb Code    42  vmc_calc.o(i.VMC_init)
    __0snprintf                              0x0800e2d1   Thumb Code    44  printfa.o(i.__0snprintf)
    __1snprintf                              0x0800e2d1   Thumb Code     0  printfa.o(i.__0snprintf)
    __2snprintf                              0x0800e2d1   Thumb Code     0  printfa.o(i.__0snprintf)
    __c89snprintf                            0x0800e2d1   Thumb Code     0  printfa.o(i.__0snprintf)
    snprintf                                 0x0800e2d1   Thumb Code     0  printfa.o(i.__0snprintf)
    __ARM_fpclassifyf                        0x0800e301   Thumb Code    38  fpclassifyf.o(i.__ARM_fpclassifyf)
    __hardfp_asinf                           0x0800e361   Thumb Code   258  asinf.o(i.__hardfp_asinf)
    __hardfp_atan2f                          0x0800e499   Thumb Code   502  atan2f.o(i.__hardfp_atan2f)
    __hardfp_sqrt                            0x0800e6f1   Thumb Code   102  sqrt.o(i.__hardfp_sqrt)
    __hardfp_sqrtf                           0x0800e757   Thumb Code    58  sqrtf.o(i.__hardfp_sqrtf)
    __mathlib_flt_infnan                     0x0800e791   Thumb Code     6  funder.o(i.__mathlib_flt_infnan)
    __mathlib_flt_infnan2                    0x0800e797   Thumb Code     6  funder.o(i.__mathlib_flt_infnan2)
    __mathlib_flt_invalid                    0x0800e79d   Thumb Code    10  funder.o(i.__mathlib_flt_invalid)
    __mathlib_flt_underflow                  0x0800e7ad   Thumb Code    10  funder.o(i.__mathlib_flt_underflow)
    __scatterload_copy                       0x0800e7bd   Thumb Code    14  handlers.o(i.__scatterload_copy)
    __scatterload_null                       0x0800e7cb   Thumb Code     2  handlers.o(i.__scatterload_null)
    __scatterload_zeroinit                   0x0800e7cd   Thumb Code    14  handlers.o(i.__scatterload_zeroinit)
    __set_errno                              0x0800e7dd   Thumb Code     6  errno.o(i.__set_errno)
    bmi088_accel_init                        0x0800f0b1   Thumb Code   348  bmi088driver.o(i.bmi088_accel_init)
    bmi088_gyro_init                         0x0800f21d   Thumb Code   284  bmi088driver.o(i.bmi088_gyro_init)
    canx_send_data                           0x0800f34d   Thumb Code   126  can_bsp.o(i.canx_send_data)
    chassisL_control_loop                    0x0800f3cd   Thumb Code   628  chassisl_task.o(i.chassisL_control_loop)
    chassisL_feedback_update                 0x0800f661   Thumb Code    66  chassisl_task.o(i.chassisL_feedback_update)
    chassisR_control_loop                    0x0800f6ad   Thumb Code   714  chassisr_task.o(i.chassisR_control_loop)
    chassisR_feedback_update                 0x0800f9a5   Thumb Code   134  chassisr_task.o(i.chassisR_feedback_update)
    dm4310_fbdata                            0x0800fa41   Thumb Code   154  dm4310_drv.o(i.dm4310_fbdata)
    dm6215_fbdata                            0x0800fadd   Thumb Code   154  dm4310_drv.o(i.dm6215_fbdata)
    enable_motor_mode                        0x0800fb81   Thumb Code    66  dm4310_drv.o(i.enable_motor_mode)
    float_to_uint                            0x0800fbcd   Thumb Code    50  dm4310_drv.o(i.float_to_uint)
    ground_detectionL                        0x0800fbff   Thumb Code   100  vmc_calc.o(i.ground_detectionL)
    ground_detectionR                        0x0800fc63   Thumb Code   100  vmc_calc.o(i.ground_detectionR)
    joint_motor_init                         0x0800fcc7   Thumb Code     6  dm4310_drv.o(i.joint_motor_init)
    jump_key                                 0x0800fccd   Thumb Code    50  ps2_task.o(i.jump_key)
    jump_loop_l                              0x0800fd01   Thumb Code   402  chassisl_task.o(i.jump_loop_l)
    jump_loop_r                              0x0800fead   Thumb Code   558  chassisr_task.o(i.jump_loop_r)
    mahony_init                              0x080100f5   Thumb Code    40  mahony_filter.o(i.mahony_init)
    mahony_input                             0x0801012d   Thumb Code    30  mahony_filter.o(i.mahony_input)
    mahony_output                            0x0801014b   Thumb Code    74  mahony_filter.o(i.mahony_output)
    mahony_update                            0x08010195   Thumb Code   646  mahony_filter.o(i.mahony_update)
    main                                     0x0801041d   Thumb Code   120  main.o(i.main)
    malloc                                   0x080104ad   Thumb Code    92  malloc.o(i.malloc)
    mit_ctrl                                 0x08010519   Thumb Code   232  dm4310_drv.o(i.mit_ctrl)
    mit_ctrl2                                0x08010609   Thumb Code   232  dm4310_drv.o(i.mit_ctrl2)
    mySaturate                               0x08010701   Thumb Code    40  chassisr_task.o(i.mySaturate)
    osDelay                                  0x08010729   Thumb Code    24  cmsis_os.o(i.osDelay)
    osKernelStart                            0x08010741   Thumb Code    10  cmsis_os.o(i.osKernelStart)
    osThreadCreate                           0x0801074b   Thumb Code    48  cmsis_os.o(i.osThreadCreate)
    parse_uart_frame                         0x0801077d   Thumb Code   766  app_uart.o(i.parse_uart_frame)
    pstwo_task                               0x08011151   Thumb Code    72  ps2_task.o(i.pstwo_task)
    pvPortMalloc                             0x080111ad   Thumb Code   306  heap_4.o(i.pvPortMalloc)
    pvTaskIncrementMutexHeldCount            0x080112f9   Thumb Code    26  tasks.o(i.pvTaskIncrementMutexHeldCount)
    pxPortInitialiseStack                    0x08011319   Thumb Code    38  port.o(i.pxPortInitialiseStack)
    rad_to_deg                               0x08011345   Thumb Code    14  ins_task.o(i.rad_to_deg)
    roll_pid_init                            0x08011359   Thumb Code    24  chassisr_task.o(i.roll_pid_init)
    slope_following                          0x0801137d   Thumb Code   116  user_lib.o(i.slope_following)
    sqrtf                                    0x080113f1   Thumb Code    62  sqrtf.o(i.sqrtf)
    uart_send_str                            0x08011431   Thumb Code    54  app_uart.o(i.uart_send_str)
    uint_to_float                            0x08011471   Thumb Code    52  dm4310_drv.o(i.uint_to_float)
    uxListRemove                             0x080114a5   Thumb Code    40  list.o(i.uxListRemove)
    vListInitialise                          0x080114cd   Thumb Code    26  list.o(i.vListInitialise)
    vListInitialiseItem                      0x080114e7   Thumb Code     6  list.o(i.vListInitialiseItem)
    vListInsert                              0x080114ed   Thumb Code    52  list.o(i.vListInsert)
    vListInsertEnd                           0x08011521   Thumb Code    24  list.o(i.vListInsertEnd)
    vPortEnterCritical                       0x08011539   Thumb Code    76  port.o(i.vPortEnterCritical)
    vPortExitCritical                        0x0801158d   Thumb Code    56  port.o(i.vPortExitCritical)
    vPortFree                                0x080115c9   Thumb Code   150  heap_4.o(i.vPortFree)
    vPortSetupTimerInterrupt                 0x0801166d   Thumb Code    36  port.o(i.vPortSetupTimerInterrupt)
    vPortValidateInterruptPriority           0x08011695   Thumb Code   106  port.o(i.vPortValidateInterruptPriority)
    vTaskDelay                               0x0801170d   Thumb Code    82  tasks.o(i.vTaskDelay)
    vTaskInternalSetTimeOutState             0x08011769   Thumb Code    14  tasks.o(i.vTaskInternalSetTimeOutState)
    vTaskMissedYield                         0x08011781   Thumb Code     8  tasks.o(i.vTaskMissedYield)
    vTaskPlaceOnEventList                    0x0801178d   Thumb Code    52  tasks.o(i.vTaskPlaceOnEventList)
    vTaskPriorityDisinheritAfterTimeout      0x080117c5   Thumb Code   216  tasks.o(i.vTaskPriorityDisinheritAfterTimeout)
    vTaskStartScheduler                      0x080118a9   Thumb Code   108  tasks.o(i.vTaskStartScheduler)
    vTaskSuspendAll                          0x08011931   Thumb Code    12  tasks.o(i.vTaskSuspendAll)
    vTaskSwitchContext                       0x08011941   Thumb Code   118  tasks.o(i.vTaskSwitchContext)
    wheel_motor_init                         0x080119cd   Thumb Code     6  dm4310_drv.o(i.wheel_motor_init)
    xPortStartScheduler                      0x080119d5   Thumb Code   330  port.o(i.xPortStartScheduler)
    xQueueCreateMutex                        0x08011b3d   Thumb Code    34  queue.o(i.xQueueCreateMutex)
    xQueueGenericCreate                      0x08011b5f   Thumb Code    84  queue.o(i.xQueueGenericCreate)
    xQueueGenericReset                       0x08011bb5   Thumb Code   146  queue.o(i.xQueueGenericReset)
    xQueueGenericSend                        0x08011c4d   Thumb Code   420  queue.o(i.xQueueGenericSend)
    xQueueGenericSendFromISR                 0x08011df5   Thumb Code   252  queue.o(i.xQueueGenericSendFromISR)
    xQueueReceive                            0x08011ef1   Thumb Code   356  queue.o(i.xQueueReceive)
    xQueueSemaphoreTake                      0x08012059   Thumb Code   434  queue.o(i.xQueueSemaphoreTake)
    xTaskCheckForTimeOut                     0x08012211   Thumb Code   132  tasks.o(i.xTaskCheckForTimeOut)
    xTaskCreate                              0x0801229d   Thumb Code    96  tasks.o(i.xTaskCreate)
    xTaskGetSchedulerState                   0x080122fd   Thumb Code    24  tasks.o(i.xTaskGetSchedulerState)
    xTaskIncrementTick                       0x0801231d   Thumb Code   282  tasks.o(i.xTaskIncrementTick)
    xTaskPriorityDisinherit                  0x08012465   Thumb Code   188  tasks.o(i.xTaskPriorityDisinherit)
    xTaskPriorityInherit                     0x0801252d   Thumb Code   172  tasks.o(i.xTaskPriorityInherit)
    xTaskRemoveFromEventList                 0x080125e5   Thumb Code   128  tasks.o(i.xTaskRemoveFromEventList)
    xTaskResumeAll                           0x0801267d   Thumb Code   224  tasks.o(i.xTaskResumeAll)
    xvEstimateKF_Init                        0x08012781   Thumb Code    96  observe_task.o(i.xvEstimateKF_Init)
    xvEstimateKF_Update                      0x080127f5   Thumb Code    68  observe_task.o(i.xvEstimateKF_Update)
    UARTPrescTable                           0x08012940   Data          24  stm32h7xx_hal_uart.o(.constdata)
    D1CorePrescTable                         0x08012968   Data          16  system_stm32h7xx.o(.constdata)
    vaEstimateKF_H                           0x080129b4   Data          16  observe_task.o(.constdata)
    __ctype_categories                       0x080129c4   Data          64  ctype_c.o(.constdata)
    sinTable_f32                             0x08012a78   Data        2052  arm_common_tables.o(.rodata.sinTable_f32)
    Region$$Table$$Base                      0x0801327c   Number         0  anon$$obj.o(Region$$Table)
    Region$$Table$$Limit                     0x0801329c   Number         0  anon$$obj.o(Region$$Table)
    defaultTaskHandle                        0x24000000   Data           4  freertos.o(.data)
    INS_TASKHandle                           0x24000004   Data           4  freertos.o(.data)
    CHASSISR_TASKHandle                      0x24000008   Data           4  freertos.o(.data)
    CHASSISL_TASKHandle                      0x2400000c   Data           4  freertos.o(.data)
    OBSERVE_TASKHandle                       0x24000010   Data           4  freertos.o(.data)
    PS2_TASKHandle                           0x24000014   Data           4  freertos.o(.data)
    UART_CONTROL_TASKHandle                  0x24000018   Data           4  freertos.o(.data)
    uart1_rx_byte                            0x24000020   Data           1  usart.o(.data)
    uwTick                                   0x24000024   Data           4  stm32h7xx_hal.o(.data)
    uwTickPrio                               0x24000028   Data           4  stm32h7xx_hal.o(.data)
    uwTickFreq                               0x2400002c   Data           1  stm32h7xx_hal.o(.data)
    SystemCoreClock                          0x24000030   Data           4  system_stm32h7xx.o(.data)
    SystemD2Clock                            0x24000034   Data           4  system_stm32h7xx.o(.data)
    BMI088_ACCEL_SEN                         0x24000038   Data           4  bmi088driver.o(.data)
    BMI088_GYRO_SEN                          0x2400003c   Data           4  bmi088driver.o(.data)
    gNormDiff                                0x24000044   Data           4  bmi088driver.o(.data)
    caliOffset                               0x24000048   Data           1  bmi088driver.o(.data)
    caliCount                                0x2400004a   Data           2  bmi088driver.o(.data)
    BMI088_SPI                               0x24000084   Data           4  bmi088middleware.o(.data)
    sizeof_float                             0x24000098   Data           2  kalman_filter.o(.data)
    sizeof_double                            0x2400009a   Data           2  kalman_filter.o(.data)
    pxCurrentTCB                             0x2400009c   Data           4  tasks.o(.data)
    gravity                                  0x24000104   Data          12  ins_task.o(.data)
    INS_DWT_Count                            0x24000110   Data           4  ins_task.o(.data)
    ins_dt                                   0x24000114   Data           4  ins_task.o(.data)
    ins_time                                 0x24000118   Data           4  ins_task.o(.data)
    stop_time                                0x2400011c   Data           4  ins_task.o(.data)
    Pitch_deg                                0x24000120   Data           4  ins_task.o(.data)
    Roll_deg                                 0x24000124   Data           4  ins_task.o(.data)
    Yaw_deg                                  0x24000128   Data           4  ins_task.o(.data)
    LQR_K_L                                  0x24000130   Data          48  chassisl_task.o(.data)
    CHASSL_TIME                              0x24000160   Data           4  chassisl_task.o(.data)
    left_flag                                0x24000164   Data           1  chassisl_task.o(.data)
    LQR_K_R                                  0x24000168   Data          48  chassisr_task.o(.data)
    Poly_Coefficient                         0x24000198   Data         192  chassisr_task.o(.data)
    CHASSR_TIME                              0x24000258   Data           4  chassisr_task.o(.data)
    count_roll                               0x2400025c   Data           4  chassisr_task.o(.data)
    right_flag                               0x24000260   Data           1  chassisr_task.o(.data)
    vaEstimateKF_F                           0x24000264   Data          16  observe_task.o(.data)
    vaEstimateKF_P                           0x24000274   Data          16  observe_task.o(.data)
    vaEstimateKF_Q                           0x24000284   Data          16  observe_task.o(.data)
    vaEstimateKF_R                           0x24000294   Data          16  observe_task.o(.data)
    vel_acc                                  0x240002a4   Data           8  observe_task.o(.data)
    OBSERVE_TIME                             0x240002ac   Data           4  observe_task.o(.data)
    Handkey                                  0x240002c8   Data           2  ps2_task.o(.data)
    Comd                                     0x240002ca   Data           2  ps2_task.o(.data)
    MASK                                     0x240002cc   Data          32  ps2_task.o(.data)
    PS2_TIME                                 0x240002ec   Data           4  ps2_task.o(.data)
    reve_flag                                0x240002f0   Data           1  ps2_task.o(.data)
    acc_test                                 0x240002f4   Data           4  ps2_task.o(.data)
    uart_data_mutex                          0x24000314   Data           4  app_uart.o(.data)
    uart_tx_mutex                            0x24000318   Data           4  app_uart.o(.data)
    uart1_rx_queue                           0x2400031c   Data           4  app_uart.o(.data)
    uart_cmd                                 0x24000320   Data          28  app_uart.o(.data)
    SysTime                                  0x24000340   Data           8  bsp_dwt.o(.data)
    CYCCNT64                                 0x24000360   Data           8  bsp_dwt.o(.data)
    __microlib_freelist                      0x24000380   Data           4  mvars.o(.data)
    __microlib_freelist_initialised          0x24000384   Data           4  mvars.o(.data)
    hfdcan1                                  0x2400038c   Data         160  fdcan.o(.bss)
    hfdcan2                                  0x2400042c   Data         160  fdcan.o(.bss)
    hfdcan3                                  0x240004cc   Data         160  fdcan.o(.bss)
    hspi2                                    0x2400056c   Data         136  spi.o(.bss)
    hdma_spi2_rx                             0x240005f4   Data         120  spi.o(.bss)
    hdma_spi2_tx                             0x2400066c   Data         120  spi.o(.bss)
    htim3                                    0x240006e4   Data          76  tim.o(.bss)
    htim12                                   0x24000730   Data          76  tim.o(.bss)
    huart1                                   0x2400077c   Data         148  usart.o(.bss)
    htim2                                    0x24000810   Data          76  stm32h7xx_hal_timebase_tim.o(.bss)
    gyroDiff                                 0x2400085c   Data          12  bmi088driver.o(.bss)
    BMI088                                   0x24000868   Data          64  bmi088driver.o(.bss)
    INS                                      0x24008198   Data         148  ins_task.o(.bss)
    mahony                                   0x2400822c   Data         132  ins_task.o(.bss)
    Gyro                                     0x240082b0   Data          12  ins_task.o(.bss)
    Accel                                    0x240082bc   Data          12  ins_task.o(.bss)
    left                                     0x240082c8   Data         172  chassisl_task.o(.bss)
    LegL_Pid                                 0x24008374   Data          72  chassisl_task.o(.bss)
    right                                    0x240083bc   Data         172  chassisr_task.o(.bss)
    chassis_move                             0x24008468   Data         480  chassisr_task.o(.bss)
    LegR_Pid                                 0x24008648   Data          72  chassisr_task.o(.bss)
    Tp_Pid                                   0x24008690   Data          72  chassisr_task.o(.bss)
    Turn_Pid                                 0x240086d8   Data          72  chassisr_task.o(.bss)
    RollR_Pid                                0x24008720   Data          72  chassisr_task.o(.bss)
    vaEstimateKF                             0x24008768   Data         320  observe_task.o(.bss)
    vaEstimateKF_K                           0x240088a8   Data          16  observe_task.o(.bss)
    ps2data                                  0x240088b8   Data          12  ps2_task.o(.bss)
    Data                                     0x240088c4   Data           9  ps2_task.o(.bss)
    RxHeader1                                0x240088f0   Data          40  can_bsp.o(.bss)
    g_Can1RxData                             0x24008918   Data          64  can_bsp.o(.bss)
    RxHeader2                                0x24008958   Data          40  can_bsp.o(.bss)
    g_Can2RxData                             0x24008980   Data          64  can_bsp.o(.bss)
    __heap_base                              0x240089c0   Data           0  startup_stm32h723xx.o(HEAP)
    __heap_limit                             0x24008bc0   Data           0  startup_stm32h723xx.o(HEAP)
    __initial_sp                             0x240093c0   Data           0  startup_stm32h723xx.o(STACK)



==============================================================================

Memory Map of the image

  Image Entry point : 0x080002cd

  Load Region LR_IROM1 (Base: 0x08000000, Size: 0x00013628, Max: 0x00100000, ABSOLUTE, COMPRESSED[0x00013430])

    Execution Region ER_IROM1 (Exec base: 0x08000000, Load base: 0x08000000, Size: 0x0001329c, Max: 0x00100000, ABSOLUTE)

    Exec Addr    Load Addr    Size         Type   Attr      Idx    E Section Name        Object

    0x08000000   0x08000000   0x000002cc   Data   RO            3    RESET               startup_stm32h723xx.o
    0x080002cc   0x080002cc   0x00000000   Code   RO         8885  * .ARM.Collect$$$$00000000  mc_w.l(entry.o)
    0x080002cc   0x080002cc   0x00000004   Code   RO         9211    .ARM.Collect$$$$00000001  mc_w.l(entry2.o)
    0x080002d0   0x080002d0   0x00000004   Code   RO         9214    .ARM.Collect$$$$00000004  mc_w.l(entry5.o)
    0x080002d4   0x080002d4   0x00000000   Code   RO         9216    .ARM.Collect$$$$00000008  mc_w.l(entry7b.o)
    0x080002d4   0x080002d4   0x00000000   Code   RO         9218    .ARM.Collect$$$$0000000A  mc_w.l(entry8b.o)
    0x080002d4   0x080002d4   0x00000008   Code   RO         9219    .ARM.Collect$$$$0000000B  mc_w.l(entry9a.o)
    0x080002dc   0x080002dc   0x00000000   Code   RO         9221    .ARM.Collect$$$$0000000D  mc_w.l(entry10a.o)
    0x080002dc   0x080002dc   0x00000000   Code   RO         9223    .ARM.Collect$$$$0000000F  mc_w.l(entry11a.o)
    0x080002dc   0x080002dc   0x00000004   Code   RO         9212    .ARM.Collect$$$$00002712  mc_w.l(entry2.o)
    0x080002e0   0x080002e0   0x000000be   Code   RO         7809    .emb_text           port.o
    0x0800039e   0x0800039e   0x00000002   PAD
    0x080003a0   0x080003a0   0x00000024   Code   RO            4    .text               startup_stm32h723xx.o
    0x080003c4   0x080003c4   0x00000062   Code   RO         8888    .text               mc_w.l(uldiv.o)
    0x08000426   0x08000426   0x00000024   Code   RO         8890    .text               mc_w.l(memcpya.o)
    0x0800044a   0x0800044a   0x00000024   Code   RO         8894    .text               mc_w.l(memseta.o)
    0x0800046e   0x0800046e   0x0000000e   Code   RO         8896    .text               mc_w.l(strlen.o)
    0x0800047c   0x0800047c   0x00000038   Code   RO         9189    .text               mc_w.l(__0sscanf.o)
    0x080004b4   0x080004b4   0x0000014c   Code   RO         9191    .text               mc_w.l(_scanf_int.o)
    0x08000600   0x08000600   0x000000e0   Code   RO         9193    .text               mc_w.l(_scanf_str.o)
    0x080006e0   0x080006e0   0x0000002c   Code   RO         9228    .text               mc_w.l(uidiv.o)
    0x0800070c   0x0800070c   0x0000001e   Code   RO         9230    .text               mc_w.l(llshl.o)
    0x0800072a   0x0800072a   0x00000020   Code   RO         9232    .text               mc_w.l(llushr.o)
    0x0800074a   0x0800074a   0x0000001c   Code   RO         9243    .text               mc_w.l(_chval.o)
    0x08000766   0x08000766   0x00000002   PAD
    0x08000768   0x08000768   0x00000028   Code   RO         9245    .text               mc_w.l(scanf_char.o)
    0x08000790   0x08000790   0x00000040   Code   RO         9247    .text               mc_w.l(_sgetc.o)
    0x080007d0   0x080007d0   0x00000000   Code   RO         9249    .text               mc_w.l(iusefp.o)
    0x080007d0   0x080007d0   0x0000014e   Code   RO         9250    .text               mf_w.l(dadd.o)
    0x0800091e   0x0800091e   0x000000e4   Code   RO         9252    .text               mf_w.l(dmul.o)
    0x08000a02   0x08000a02   0x000000de   Code   RO         9254    .text               mf_w.l(ddiv.o)
    0x08000ae0   0x08000ae0   0x00000030   Code   RO         9256    .text               mf_w.l(dfixul.o)
    0x08000b10   0x08000b10   0x00000030   Code   RO         9258    .text               mf_w.l(cdrcmple.o)
    0x08000b40   0x08000b40   0x00000024   Code   RO         9260    .text               mc_w.l(init.o)
    0x08000b64   0x08000b64   0x00000024   Code   RO         9263    .text               mc_w.l(llsshr.o)
    0x08000b88   0x08000b88   0x0000000a   Code   RO         9265    .text               mc_w.l(isspace_c.o)
    0x08000b92   0x08000b92   0x00000002   PAD
    0x08000b94   0x08000b94   0x0000032c   Code   RO         9267    .text               mc_w.l(_scanf.o)
    0x08000ec0   0x08000ec0   0x000000ba   Code   RO         9270    .text               mf_w.l(depilogue.o)
    0x08000f7a   0x08000f7a   0x00000002   PAD
    0x08000f7c   0x08000f7c   0x00000028   Code   RO         9272    .text               mc_w.l(ctype_c.o)
    0x08000fa4   0x08000fa4   0x00000056   Code   RO         9283    .text               mc_w.l(__dczerorl2.o)
    0x08000ffa   0x08000ffa   0x00000002   PAD
    0x08000ffc   0x08000ffc   0x00000090   Code   RO         8652    .text.arm_cos_f32   arm_cortexM7lfdp_math.lib(arm_cos_f32.o)
    0x0800108c   0x0800108c   0x000000be   Code   RO         8672    .text.arm_mat_add_f32  arm_cortexM7lfdp_math.lib(arm_mat_add_f32.o)
    0x0800114a   0x0800114a   0x00000008   Code   RO         8682    .text.arm_mat_init_f32  arm_cortexM7lfdp_math.lib(arm_mat_init_f32.o)
    0x08001152   0x08001152   0x00000002   PAD
    0x08001154   0x08001154   0x000002cc   Code   RO         8691    .text.arm_mat_inverse_f32  arm_cortexM7lfdp_math.lib(arm_mat_inverse_f32.o)
    0x08001420   0x08001420   0x00000130   Code   RO         8701    .text.arm_mat_mult_f32  arm_cortexM7lfdp_math.lib(arm_mat_mult_f32.o)
    0x08001550   0x08001550   0x000000be   Code   RO         8711    .text.arm_mat_sub_f32  arm_cortexM7lfdp_math.lib(arm_mat_sub_f32.o)
    0x0800160e   0x0800160e   0x00000002   PAD
    0x08001610   0x08001610   0x000000b4   Code   RO         8721    .text.arm_mat_trans_f32  arm_cortexM7lfdp_math.lib(arm_mat_trans_f32.o)
    0x080016c4   0x080016c4   0x0000008c   Code   RO         8662    .text.arm_sin_f32   arm_cortexM7lfdp_math.lib(arm_sin_f32.o)
    0x08001750   0x08001750   0x00000014   Code   RO         5991    i.BMI088_ACCEL_NS_H  bmi088middleware.o
    0x08001764   0x08001764   0x00000014   Code   RO         5992    i.BMI088_ACCEL_NS_L  bmi088middleware.o
    0x08001778   0x08001778   0x00000014   Code   RO         5993    i.BMI088_GYRO_NS_H  bmi088middleware.o
    0x0800178c   0x0800178c   0x00000014   Code   RO         5994    i.BMI088_GYRO_NS_L  bmi088middleware.o
    0x080017a0   0x080017a0   0x00000330   Code   RO         5901    i.BMI088_Read       bmi088driver.o
    0x08001ad0   0x08001ad0   0x000000c0   Code   RO         5902    i.BMI088_init       bmi088driver.o
    0x08001b90   0x08001b90   0x00000026   Code   RO         5903    i.BMI088_read_muli_reg  bmi088driver.o
    0x08001bb6   0x08001bb6   0x00000018   Code   RO         5904    i.BMI088_read_single_reg  bmi088driver.o
    0x08001bce   0x08001bce   0x00000002   PAD
    0x08001bd0   0x08001bd0   0x00000024   Code   RO         5995    i.BMI088_read_write_byte  bmi088middleware.o
    0x08001bf4   0x08001bf4   0x00000014   Code   RO         5905    i.BMI088_write_single_reg  bmi088driver.o
    0x08001c08   0x08001c08   0x0000015a   Code   RO         7889    i.BodyFrameToEarthFrame  ins_task.o
    0x08001d62   0x08001d62   0x00000004   Code   RO          657    i.BusFault_Handler  stm32h7xx_it.o
    0x08001d66   0x08001d66   0x00000002   PAD
    0x08001d68   0x08001d68   0x00000674   Code   RO         5906    i.Calibrate_MPU_Offset  bmi088driver.o
    0x080023dc   0x080023dc   0x00000008   Code   RO          330    i.ChassisL_Task     freertos.o
    0x080023e4   0x080023e4   0x000000b8   Code   RO         7966    i.ChassisL_init     chassisl_task.o
    0x0800249c   0x0800249c   0x00000170   Code   RO         7967    i.ChassisL_task     chassisl_task.o
    0x0800260c   0x0800260c   0x00000008   Code   RO          331    i.ChassisR_Task     freertos.o
    0x08002614   0x08002614   0x000000ac   Code   RO         8023    i.ChassisR_init     chassisr_task.o
    0x080026c0   0x080026c0   0x00000184   Code   RO         8024    i.ChassisR_task     chassisr_task.o
    0x08002844   0x08002844   0x00000010   Code   RO          658    i.DMA1_Stream0_IRQHandler  stm32h7xx_it.o
    0x08002854   0x08002854   0x00000010   Code   RO          659    i.DMA1_Stream1_IRQHandler  stm32h7xx_it.o
    0x08002864   0x08002864   0x000000ec   Code   RO         2722    i.DMA_CalcBaseAndBitshift  stm32h7xx_hal_dma.o
    0x08002950   0x08002950   0x000000c4   Code   RO         2723    i.DMA_CalcDMAMUXChannelBaseAndMask  stm32h7xx_hal_dma.o
    0x08002a14   0x08002a14   0x00000098   Code   RO         2724    i.DMA_CalcDMAMUXRequestGenBaseAndMask  stm32h7xx_hal_dma.o
    0x08002aac   0x08002aac   0x000000ae   Code   RO         2725    i.DMA_CheckFifoParam  stm32h7xx_hal_dma.o
    0x08002b5a   0x08002b5a   0x00000002   PAD
    0x08002b5c   0x08002b5c   0x00000030   Code   RO         8360    i.DWT_CNT_Update    bsp_dwt.o
    0x08002b8c   0x08002b8c   0x0000003c   Code   RO         8361    i.DWT_Delay         bsp_dwt.o
    0x08002bc8   0x08002bc8   0x0000004c   Code   RO         8362    i.DWT_GetDeltaT     bsp_dwt.o
    0x08002c14   0x08002c14   0x00000054   Code   RO         8365    i.DWT_GetTimeline_s  bsp_dwt.o
    0x08002c68   0x08002c68   0x00000068   Code   RO         8367    i.DWT_Init          bsp_dwt.o
    0x08002cd0   0x08002cd0   0x000000d0   Code   RO         8368    i.DWT_SysTimeUpdate  bsp_dwt.o
    0x08002da0   0x08002da0   0x00000002   Code   RO          660    i.DebugMon_Handler  stm32h7xx_it.o
    0x08002da2   0x08002da2   0x0000015a   Code   RO         7890    i.EarthFrameToBodyFrame  ins_task.o
    0x08002efc   0x08002efc   0x00000006   Code   RO           13    i.Error_Handler     main.o
    0x08002f02   0x08002f02   0x00000002   PAD
    0x08002f04   0x08002f04   0x00000060   Code   RO         8437    i.FDCAN1_Config     can_bsp.o
    0x08002f64   0x08002f64   0x00000010   Code   RO          661    i.FDCAN1_IT0_IRQHandler  stm32h7xx_it.o
    0x08002f74   0x08002f74   0x00000060   Code   RO         8438    i.FDCAN2_Config     can_bsp.o
    0x08002fd4   0x08002fd4   0x00000010   Code   RO          662    i.FDCAN2_IT0_IRQHandler  stm32h7xx_it.o
    0x08002fe4   0x08002fe4   0x00000010   Code   RO          663    i.FDCAN3_IT0_IRQHandler  stm32h7xx_it.o
    0x08002ff4   0x08002ff4   0x00000220   Code   RO         4363    i.FDCAN_CalcultateRamBlockAddresses  stm32h7xx_hal_fdcan.o
    0x08003214   0x08003214   0x000000d4   Code   RO         4364    i.FDCAN_CopyMessageToRAM  stm32h7xx_hal_fdcan.o
    0x080032e8   0x080032e8   0x000004dc   Code   RO         2727    i.HAL_DMA_Abort     stm32h7xx_hal_dma.o
    0x080037c4   0x080037c4   0x00000398   Code   RO         2728    i.HAL_DMA_Abort_IT  stm32h7xx_hal_dma.o
    0x08003b5c   0x08003b5c   0x00000af8   Code   RO         2732    i.HAL_DMA_IRQHandler  stm32h7xx_hal_dma.o
    0x08004654   0x08004654   0x00000514   Code   RO         2733    i.HAL_DMA_Init      stm32h7xx_hal_dma.o
    0x08004b68   0x08004b68   0x00000028   Code   RO         3424    i.HAL_Delay         stm32h7xx_hal.o
    0x08004b90   0x08004b90   0x000000a8   Code   RO         4366    i.HAL_FDCAN_ActivateNotification  stm32h7xx_hal_fdcan.o
    0x08004c38   0x08004c38   0x00000090   Code   RO         4368    i.HAL_FDCAN_AddMessageToTxFifoQ  stm32h7xx_hal_fdcan.o
    0x08004cc8   0x08004cc8   0x00000002   Code   RO         4369    i.HAL_FDCAN_ClockCalibrationCallback  stm32h7xx_hal_fdcan.o
    0x08004cca   0x08004cca   0x000000a8   Code   RO         4373    i.HAL_FDCAN_ConfigFilter  stm32h7xx_hal_fdcan.o
    0x08004d72   0x08004d72   0x00000034   Code   RO         4374    i.HAL_FDCAN_ConfigGlobalFilter  stm32h7xx_hal_fdcan.o
    0x08004da6   0x08004da6   0x00000002   Code   RO         4395    i.HAL_FDCAN_ErrorCallback  stm32h7xx_hal_fdcan.o
    0x08004da8   0x08004da8   0x00000002   Code   RO         4396    i.HAL_FDCAN_ErrorStatusCallback  stm32h7xx_hal_fdcan.o
    0x08004daa   0x08004daa   0x00000002   PAD
    0x08004dac   0x08004dac   0x000001f4   Code   RO         4407    i.HAL_FDCAN_GetRxMessage  stm32h7xx_hal_fdcan.o
    0x08004fa0   0x08004fa0   0x00000002   Code   RO         4413    i.HAL_FDCAN_HighPriorityMessageCallback  stm32h7xx_hal_fdcan.o
    0x08004fa2   0x08004fa2   0x00000002   PAD
    0x08004fa4   0x08004fa4   0x000003d4   Code   RO         4414    i.HAL_FDCAN_IRQHandler  stm32h7xx_hal_fdcan.o
    0x08005378   0x08005378   0x000002e0   Code   RO         4415    i.HAL_FDCAN_Init    stm32h7xx_hal_fdcan.o
    0x08005658   0x08005658   0x000001b4   Code   RO          454    i.HAL_FDCAN_MspInit  fdcan.o
    0x0800580c   0x0800580c   0x00000002   Code   RO         4424    i.HAL_FDCAN_RxBufferNewMessageCallback  stm32h7xx_hal_fdcan.o
    0x0800580e   0x0800580e   0x00000002   PAD
    0x08005810   0x08005810   0x0000007c   Code   RO         8439    i.HAL_FDCAN_RxFifo0Callback  can_bsp.o
    0x0800588c   0x0800588c   0x0000007c   Code   RO         8440    i.HAL_FDCAN_RxFifo1Callback  can_bsp.o
    0x08005908   0x08005908   0x00000034   Code   RO         4427    i.HAL_FDCAN_Start   stm32h7xx_hal_fdcan.o
    0x0800593c   0x0800593c   0x00000002   Code   RO         4449    i.HAL_FDCAN_TT_GlobalTimeCallback  stm32h7xx_hal_fdcan.o
    0x0800593e   0x0800593e   0x00000002   Code   RO         4450    i.HAL_FDCAN_TT_ScheduleSyncCallback  stm32h7xx_hal_fdcan.o
    0x08005940   0x08005940   0x00000002   Code   RO         4455    i.HAL_FDCAN_TT_StopWatchCallback  stm32h7xx_hal_fdcan.o
    0x08005942   0x08005942   0x00000002   Code   RO         4456    i.HAL_FDCAN_TT_TimeMarkCallback  stm32h7xx_hal_fdcan.o
    0x08005944   0x08005944   0x00000002   Code   RO         4457    i.HAL_FDCAN_TimeoutOccurredCallback  stm32h7xx_hal_fdcan.o
    0x08005946   0x08005946   0x00000002   Code   RO         4458    i.HAL_FDCAN_TimestampWraparoundCallback  stm32h7xx_hal_fdcan.o
    0x08005948   0x08005948   0x00000002   Code   RO         4459    i.HAL_FDCAN_TxBufferAbortCallback  stm32h7xx_hal_fdcan.o
    0x0800594a   0x0800594a   0x00000002   Code   RO         4460    i.HAL_FDCAN_TxBufferCompleteCallback  stm32h7xx_hal_fdcan.o
    0x0800594c   0x0800594c   0x00000002   Code   RO         4461    i.HAL_FDCAN_TxEventFifoCallback  stm32h7xx_hal_fdcan.o
    0x0800594e   0x0800594e   0x00000002   Code   RO         4462    i.HAL_FDCAN_TxFifoEmptyCallback  stm32h7xx_hal_fdcan.o
    0x08005950   0x08005950   0x000001f0   Code   RO         2575    i.HAL_GPIO_Init     stm32h7xx_hal_gpio.o
    0x08005b40   0x08005b40   0x00000010   Code   RO         2577    i.HAL_GPIO_ReadPin  stm32h7xx_hal_gpio.o
    0x08005b50   0x08005b50   0x0000000c   Code   RO         2579    i.HAL_GPIO_WritePin  stm32h7xx_hal_gpio.o
    0x08005b5c   0x08005b5c   0x0000000c   Code   RO         3440    i.HAL_GetTick       stm32h7xx_hal.o
    0x08005b68   0x08005b68   0x00000018   Code   RO         3446    i.HAL_IncTick       stm32h7xx_hal.o
    0x08005b80   0x08005b80   0x00000060   Code   RO         3447    i.HAL_Init          stm32h7xx_hal.o
    0x08005be0   0x08005be0   0x000000a0   Code   RO          787    i.HAL_InitTick      stm32h7xx_hal_timebase_tim.o
    0x08005c80   0x08005c80   0x00000030   Code   RO          763    i.HAL_MspInit       stm32h7xx_hal_msp.o
    0x08005cb0   0x08005cb0   0x00000028   Code   RO         1862    i.HAL_NVIC_EnableIRQ  stm32h7xx_hal_cortex.o
    0x08005cd8   0x08005cd8   0x0000007a   Code   RO         1868    i.HAL_NVIC_SetPriority  stm32h7xx_hal_cortex.o
    0x08005d52   0x08005d52   0x00000002   PAD
    0x08005d54   0x08005d54   0x00000028   Code   RO         1869    i.HAL_NVIC_SetPriorityGrouping  stm32h7xx_hal_cortex.o
    0x08005d7c   0x08005d7c   0x00000060   Code   RO         3176    i.HAL_PWREx_ConfigSupply  stm32h7xx_hal_pwr_ex.o
    0x08005ddc   0x08005ddc   0x00000024   Code   RO         2118    i.HAL_RCCEx_GetD3PCLK1Freq  stm32h7xx_hal_rcc_ex.o
    0x08005e00   0x08005e00   0x00000230   Code   RO         2120    i.HAL_RCCEx_GetPLL2ClockFreq  stm32h7xx_hal_rcc_ex.o
    0x08006030   0x08006030   0x00000230   Code   RO         2121    i.HAL_RCCEx_GetPLL3ClockFreq  stm32h7xx_hal_rcc_ex.o
    0x08006260   0x08006260   0x00000cc8   Code   RO         2127    i.HAL_RCCEx_PeriphCLKConfig  stm32h7xx_hal_rcc_ex.o
    0x08006f28   0x08006f28   0x00000320   Code   RO         2003    i.HAL_RCC_ClockConfig  stm32h7xx_hal_rcc.o
    0x08007248   0x08007248   0x0000006c   Code   RO         2007    i.HAL_RCC_GetClockConfig  stm32h7xx_hal_rcc.o
    0x080072b4   0x080072b4   0x0000004c   Code   RO         2008    i.HAL_RCC_GetHCLKFreq  stm32h7xx_hal_rcc.o
    0x08007300   0x08007300   0x00000024   Code   RO         2010    i.HAL_RCC_GetPCLK1Freq  stm32h7xx_hal_rcc.o
    0x08007324   0x08007324   0x00000024   Code   RO         2011    i.HAL_RCC_GetPCLK2Freq  stm32h7xx_hal_rcc.o
    0x08007348   0x08007348   0x0000022c   Code   RO         2012    i.HAL_RCC_GetSysClockFreq  stm32h7xx_hal_rcc.o
    0x08007574   0x08007574   0x0000075c   Code   RO         2015    i.HAL_RCC_OscConfig  stm32h7xx_hal_rcc.o
    0x08007cd0   0x08007cd0   0x00000002   Code   RO         4988    i.HAL_SPI_ErrorCallback  stm32h7xx_hal_spi.o
    0x08007cd2   0x08007cd2   0x00000002   PAD
    0x08007cd4   0x08007cd4   0x00000294   Code   RO         4991    i.HAL_SPI_IRQHandler  stm32h7xx_hal_spi.o
    0x08007f68   0x08007f68   0x000001b0   Code   RO         4992    i.HAL_SPI_Init      stm32h7xx_hal_spi.o
    0x08008118   0x08008118   0x00000178   Code   RO          509    i.HAL_SPI_MspInit   spi.o
    0x08008290   0x08008290   0x00000002   Code   RO         4998    i.HAL_SPI_RxCpltCallback  stm32h7xx_hal_spi.o
    0x08008292   0x08008292   0x00000002   Code   RO         5000    i.HAL_SPI_SuspendCallback  stm32h7xx_hal_spi.o
    0x08008294   0x08008294   0x00000302   Code   RO         5002    i.HAL_SPI_TransmitReceive  stm32h7xx_hal_spi.o
    0x08008596   0x08008596   0x00000002   Code   RO         5007    i.HAL_SPI_TxCpltCallback  stm32h7xx_hal_spi.o
    0x08008598   0x08008598   0x00000002   Code   RO         5009    i.HAL_SPI_TxRxCpltCallback  stm32h7xx_hal_spi.o
    0x0800859a   0x0800859a   0x00000002   Code   RO         1553    i.HAL_TIMEx_Break2Callback  stm32h7xx_hal_tim_ex.o
    0x0800859c   0x0800859c   0x00000002   Code   RO         1554    i.HAL_TIMEx_BreakCallback  stm32h7xx_hal_tim_ex.o
    0x0800859e   0x0800859e   0x00000002   Code   RO         1555    i.HAL_TIMEx_CommutCallback  stm32h7xx_hal_tim_ex.o
    0x080085a0   0x080085a0   0x000000e4   Code   RO         1576    i.HAL_TIMEx_MasterConfigSynchronization  stm32h7xx_hal_tim_ex.o
    0x08008684   0x08008684   0x0000006e   Code   RO          828    i.HAL_TIM_Base_Init  stm32h7xx_hal_tim.o
    0x080086f2   0x080086f2   0x00000002   Code   RO          830    i.HAL_TIM_Base_MspInit  stm32h7xx_hal_tim.o
    0x080086f4   0x080086f4   0x000000cc   Code   RO          833    i.HAL_TIM_Base_Start_IT  stm32h7xx_hal_tim.o
    0x080087c0   0x080087c0   0x00000002   Code   RO          862    i.HAL_TIM_IC_CaptureCallback  stm32h7xx_hal_tim.o
    0x080087c2   0x080087c2   0x000001b8   Code   RO          876    i.HAL_TIM_IRQHandler  stm32h7xx_hal_tim.o
    0x0800897a   0x0800897a   0x00000002   PAD
    0x0800897c   0x0800897c   0x000000a0   Code   RO          550    i.HAL_TIM_MspPostInit  tim.o
    0x08008a1c   0x08008a1c   0x00000002   Code   RO          879    i.HAL_TIM_OC_DelayElapsedCallback  stm32h7xx_hal_tim.o
    0x08008a1e   0x08008a1e   0x00000170   Code   RO          900    i.HAL_TIM_PWM_ConfigChannel  stm32h7xx_hal_tim.o
    0x08008b8e   0x08008b8e   0x0000006e   Code   RO          903    i.HAL_TIM_PWM_Init  stm32h7xx_hal_tim.o
    0x08008bfc   0x08008bfc   0x00000058   Code   RO          552    i.HAL_TIM_PWM_MspInit  tim.o
    0x08008c54   0x08008c54   0x00000002   Code   RO          906    i.HAL_TIM_PWM_PulseFinishedCallback  stm32h7xx_hal_tim.o
    0x08008c56   0x08008c56   0x00000002   PAD
    0x08008c58   0x08008c58   0x0000017c   Code   RO          908    i.HAL_TIM_PWM_Start  stm32h7xx_hal_tim.o
    0x08008dd4   0x08008dd4   0x000000e4   Code   RO          911    i.HAL_TIM_PWM_Stop  stm32h7xx_hal_tim.o
    0x08008eb8   0x08008eb8   0x00000012   Code   RO           14    i.HAL_TIM_PeriodElapsedCallback  main.o
    0x08008eca   0x08008eca   0x00000002   Code   RO          919    i.HAL_TIM_TriggerCallback  stm32h7xx_hal_tim.o
    0x08008ecc   0x08008ecc   0x0000004e   Code   RO         5740    i.HAL_UARTEx_DisableFifoMode  stm32h7xx_hal_uart_ex.o
    0x08008f1a   0x08008f1a   0x00000002   Code   RO         5324    i.HAL_UARTEx_RxEventCallback  stm32h7xx_hal_uart.o
    0x08008f1c   0x08008f1c   0x00000002   Code   RO         5748    i.HAL_UARTEx_RxFifoFullCallback  stm32h7xx_hal_uart_ex.o
    0x08008f1e   0x08008f1e   0x0000005e   Code   RO         5749    i.HAL_UARTEx_SetRxFifoThreshold  stm32h7xx_hal_uart_ex.o
    0x08008f7c   0x08008f7c   0x0000005e   Code   RO         5750    i.HAL_UARTEx_SetTxFifoThreshold  stm32h7xx_hal_uart_ex.o
    0x08008fda   0x08008fda   0x00000002   Code   RO         5752    i.HAL_UARTEx_TxFifoEmptyCallback  stm32h7xx_hal_uart_ex.o
    0x08008fdc   0x08008fdc   0x00000002   Code   RO         5753    i.HAL_UARTEx_WakeupCallback  stm32h7xx_hal_uart_ex.o
    0x08008fde   0x08008fde   0x00000002   Code   RO         5340    i.HAL_UART_ErrorCallback  stm32h7xx_hal_uart.o
    0x08008fe0   0x08008fe0   0x00000494   Code   RO         5343    i.HAL_UART_IRQHandler  stm32h7xx_hal_uart.o
    0x08009474   0x08009474   0x00000078   Code   RO         5344    i.HAL_UART_Init     stm32h7xx_hal_uart.o
    0x080094ec   0x080094ec   0x000000ac   Code   RO          605    i.HAL_UART_MspInit  usart.o
    0x08009598   0x08009598   0x0000005c   Code   RO         5349    i.HAL_UART_Receive_IT  stm32h7xx_hal_uart.o
    0x080095f4   0x080095f4   0x00000054   Code   RO          606    i.HAL_UART_RxCpltCallback  usart.o
    0x08009648   0x08009648   0x000000c2   Code   RO         5353    i.HAL_UART_Transmit  stm32h7xx_hal_uart.o
    0x0800970a   0x0800970a   0x00000002   Code   RO         5356    i.HAL_UART_TxCpltCallback  stm32h7xx_hal_uart.o
    0x0800970c   0x0800970c   0x00000130   Code   RO         6397    i.H_K_R_Adjustment  kalman_filter.o
    0x0800983c   0x0800983c   0x00000004   Code   RO          664    i.HardFault_Handler  stm32h7xx_it.o
    0x08009840   0x08009840   0x00000034   Code   RO         7891    i.INS_Init          ins_task.o
    0x08009874   0x08009874   0x00000008   Code   RO          332    i.INS_Task          freertos.o
    0x0800987c   0x0800987c   0x00000450   Code   RO         7892    i.INS_task          ins_task.o
    0x08009ccc   0x08009ccc   0x0000070c   Code   RO         6398    i.Kalman_Filter_Init  kalman_filter.o
    0x0800a3d8   0x0800a3d8   0x00000050   Code   RO         6399    i.Kalman_Filter_Measure  kalman_filter.o
    0x0800a428   0x0800a428   0x00000068   Code   RO         6400    i.Kalman_Filter_P_Update  kalman_filter.o
    0x0800a490   0x0800a490   0x00000068   Code   RO         6401    i.Kalman_Filter_PminusUpdate  kalman_filter.o
    0x0800a4f8   0x0800a4f8   0x000000d2   Code   RO         6402    i.Kalman_Filter_SetK  kalman_filter.o
    0x0800a5ca   0x0800a5ca   0x00000002   PAD
    0x0800a5cc   0x0800a5cc   0x0000012c   Code   RO         6403    i.Kalman_Filter_Update  kalman_filter.o
    0x0800a6f8   0x0800a6f8   0x0000007c   Code   RO         6404    i.Kalman_Filter_xhatMinusUpdate  kalman_filter.o
    0x0800a774   0x0800a774   0x00000086   Code   RO         6405    i.Kalman_Filter_xhatUpdate  kalman_filter.o
    0x0800a7fa   0x0800a7fa   0x00000032   Code   RO         6290    i.LQR_K_calc        vmc_calc.o
    0x0800a82c   0x0800a82c   0x00000044   Code   RO          429    i.MX_DMA_Init       dma.o
    0x0800a870   0x0800a870   0x00000080   Code   RO          455    i.MX_FDCAN1_Init    fdcan.o
    0x0800a8f0   0x0800a8f0   0x00000080   Code   RO          456    i.MX_FDCAN2_Init    fdcan.o
    0x0800a970   0x0800a970   0x00000080   Code   RO          457    i.MX_FDCAN3_Init    fdcan.o
    0x0800a9f0   0x0800a9f0   0x00000110   Code   RO          333    i.MX_FREERTOS_Init  freertos.o
    0x0800ab00   0x0800ab00   0x00000174   Code   RO          306    i.MX_GPIO_Init      gpio.o
    0x0800ac74   0x0800ac74   0x00000064   Code   RO          510    i.MX_SPI2_Init      spi.o
    0x0800acd8   0x0800acd8   0x00000080   Code   RO          553    i.MX_TIM12_Init     tim.o
    0x0800ad58   0x0800ad58   0x00000080   Code   RO          554    i.MX_TIM3_Init      tim.o
    0x0800add8   0x0800add8   0x0000006c   Code   RO          607    i.MX_USART1_UART_Init  usart.o
    0x0800ae44   0x0800ae44   0x00000004   Code   RO          665    i.MemManage_Handler  stm32h7xx_it.o
    0x0800ae48   0x0800ae48   0x00000004   Code   RO          666    i.NMI_Handler       stm32h7xx_it.o
    0x0800ae4c   0x0800ae4c   0x00000008   Code   RO          334    i.OBSERVE_Task      freertos.o
    0x0800ae54   0x0800ae54   0x000001c0   Code   RO         8095    i.Observe_task      observe_task.o
    0x0800b014   0x0800b014   0x000001f0   Code   RO         6358    i.PID_Calc          pid.o
    0x0800b204   0x0800b204   0x00000060   Code   RO         6360    i.PID_init          pid.o
    0x0800b264   0x0800b264   0x0000000c   Code   RO         8140    i.PS2_AnologData    ps2_task.o
    0x0800b270   0x0800b270   0x00000018   Code   RO         8141    i.PS2_ClearData     ps2_task.o
    0x0800b288   0x0800b288   0x000000b0   Code   RO         8142    i.PS2_Cmd           ps2_task.o
    0x0800b338   0x0800b338   0x00000054   Code   RO         8143    i.PS2_DataKey       ps2_task.o
    0x0800b38c   0x0800b38c   0x00000068   Code   RO         8144    i.PS2_EnterConfing  ps2_task.o
    0x0800b3f4   0x0800b3f4   0x00000068   Code   RO         8145    i.PS2_ExitConfing   ps2_task.o
    0x0800b45c   0x0800b45c   0x000000d4   Code   RO         8146    i.PS2_ReadData      ps2_task.o
    0x0800b530   0x0800b530   0x0000001c   Code   RO         8148    i.PS2_SetInit       ps2_task.o
    0x0800b54c   0x0800b54c   0x00000050   Code   RO         8149    i.PS2_ShortPoll     ps2_task.o
    0x0800b59c   0x0800b59c   0x00000008   Code   RO          335    i.PS2_Task          freertos.o
    0x0800b5a4   0x0800b5a4   0x00000060   Code   RO         8150    i.PS2_TurnOnAnalogMode  ps2_task.o
    0x0800b604   0x0800b604   0x0000042c   Code   RO         8153    i.PS2_data_process  ps2_task.o
    0x0800ba30   0x0800ba30   0x00000074   Code   RO         8154    i.PS2_data_read     ps2_task.o
    0x0800baa4   0x0800baa4   0x00000110   Code   RO         8155    i.PS2_mode_switch   ps2_task.o
    0x0800bbb4   0x0800bbb4   0x00000038   Code   RO         8025    i.Pensation_init    chassisr_task.o
    0x0800bbec   0x0800bbec   0x00000048   Code   RO           15    i.PeriphCommonClock_Config  main.o
    0x0800bc34   0x0800bc34   0x00000164   Code   RO         2130    i.RCCEx_PLL2_Config  stm32h7xx_hal_rcc_ex.o
    0x0800bd98   0x0800bd98   0x00000164   Code   RO         2131    i.RCCEx_PLL3_Config  stm32h7xx_hal_rcc_ex.o
    0x0800befc   0x0800befc   0x0000012e   Code   RO         6150    i.RotationMatrix_update  mahony_filter.o
    0x0800c02a   0x0800c02a   0x00000002   PAD
    0x0800c02c   0x0800c02c   0x00000010   Code   RO          667    i.SPI2_IRQHandler   stm32h7xx_it.o
    0x0800c03c   0x0800c03c   0x000000d6   Code   RO         5012    i.SPI_CloseTransfer  stm32h7xx_hal_spi.o
    0x0800c112   0x0800c112   0x0000001c   Code   RO         5013    i.SPI_DMAAbortOnError  stm32h7xx_hal_spi.o
    0x0800c12e   0x0800c12e   0x0000001a   Code   RO         5023    i.SPI_GetPacketSize  stm32h7xx_hal_spi.o
    0x0800c148   0x0800c148   0x00000042   Code   RO         5030    i.SPI_WaitOnFlagUntilTimeout  stm32h7xx_hal_spi.o
    0x0800c18a   0x0800c18a   0x0000000a   Code   RO          336    i.StartDefaultTask  freertos.o
    0x0800c194   0x0800c194   0x00000034   Code   RO         7810    i.SysTick_Handler   port.o
    0x0800c1c8   0x0800c1c8   0x000000b4   Code   RO           16    i.SystemClock_Config  main.o
    0x0800c27c   0x0800c27c   0x000000e0   Code   RO         5864    i.SystemInit        system_stm32h7xx.o
    0x0800c35c   0x0800c35c   0x00000010   Code   RO          668    i.TIM2_IRQHandler   stm32h7xx_it.o
    0x0800c36c   0x0800c36c   0x000000e0   Code   RO          921    i.TIM_Base_SetConfig  stm32h7xx_hal_tim.o
    0x0800c44c   0x0800c44c   0x00000022   Code   RO          922    i.TIM_CCxChannelCmd  stm32h7xx_hal_tim.o
    0x0800c46e   0x0800c46e   0x00000002   PAD
    0x0800c470   0x0800c470   0x000000ac   Code   RO          934    i.TIM_OC1_SetConfig  stm32h7xx_hal_tim.o
    0x0800c51c   0x0800c51c   0x000000b4   Code   RO          935    i.TIM_OC2_SetConfig  stm32h7xx_hal_tim.o
    0x0800c5d0   0x0800c5d0   0x000000b4   Code   RO          936    i.TIM_OC3_SetConfig  stm32h7xx_hal_tim.o
    0x0800c684   0x0800c684   0x00000074   Code   RO          937    i.TIM_OC4_SetConfig  stm32h7xx_hal_tim.o
    0x0800c6f8   0x0800c6f8   0x00000070   Code   RO          938    i.TIM_OC5_SetConfig  stm32h7xx_hal_tim.o
    0x0800c768   0x0800c768   0x00000070   Code   RO          939    i.TIM_OC6_SetConfig  stm32h7xx_hal_tim.o
    0x0800c7d8   0x0800c7d8   0x0000003a   Code   RO         8492    i.TIM_Set_PWM       bsp_pwm.o
    0x0800c812   0x0800c812   0x00000002   PAD
    0x0800c814   0x0800c814   0x00000058   Code   RO         5754    i.UARTEx_SetNbDataToProcess  stm32h7xx_hal_uart_ex.o
    0x0800c86c   0x0800c86c   0x000000f8   Code   RO         5358    i.UART_AdvFeatureConfig  stm32h7xx_hal_uart.o
    0x0800c964   0x0800c964   0x000000ea   Code   RO         5359    i.UART_CheckIdleState  stm32h7xx_hal_uart.o
    0x0800ca4e   0x0800ca4e   0x0000000c   Code   RO         8332    i.UART_Control_Task  uart_control_task.o
    0x0800ca5a   0x0800ca5a   0x0000000c   Code   RO          337    i.UART_Control_Task_Wrapper  freertos.o
    0x0800ca66   0x0800ca66   0x00000018   Code   RO         5360    i.UART_DMAAbortOnError  stm32h7xx_hal_uart.o
    0x0800ca7e   0x0800ca7e   0x00000002   PAD
    0x0800ca80   0x0800ca80   0x0000006c   Code   RO         5370    i.UART_EndRxTransfer  stm32h7xx_hal_uart.o
    0x0800caec   0x0800caec   0x00000030   Code   RO         5371    i.UART_EndTransmit_IT  stm32h7xx_hal_uart.o
    0x0800cb1c   0x0800cb1c   0x00000104   Code   RO         5373    i.UART_RxISR_16BIT  stm32h7xx_hal_uart.o
    0x0800cc20   0x0800cc20   0x000001fc   Code   RO         5374    i.UART_RxISR_16BIT_FIFOEN  stm32h7xx_hal_uart.o
    0x0800ce1c   0x0800ce1c   0x00000104   Code   RO         5375    i.UART_RxISR_8BIT   stm32h7xx_hal_uart.o
    0x0800cf20   0x0800cf20   0x000001f8   Code   RO         5376    i.UART_RxISR_8BIT_FIFOEN  stm32h7xx_hal_uart.o
    0x0800d118   0x0800d118   0x00000628   Code   RO         5377    i.UART_SetConfig    stm32h7xx_hal_uart.o
    0x0800d740   0x0800d740   0x0000015c   Code   RO         5379    i.UART_Start_Receive_IT  stm32h7xx_hal_uart.o
    0x0800d89c   0x0800d89c   0x000000a2   Code   RO         5384    i.UART_WaitOnFlagUntilTimeout  stm32h7xx_hal_uart.o
    0x0800d93e   0x0800d93e   0x00000002   PAD
    0x0800d940   0x0800d940   0x00000010   Code   RO          669    i.USART1_IRQHandler  stm32h7xx_it.o
    0x0800d950   0x0800d950   0x00000084   Code   RO         8274    i.UartTask          app_uart.o
    0x0800d9d4   0x0800d9d4   0x00000004   Code   RO          670    i.UsageFault_Handler  stm32h7xx_it.o
    0x0800d9d8   0x0800d9d8   0x0000039c   Code   RO         6291    i.VMC_calc_1_left   vmc_calc.o
    0x0800dd74   0x0800dd74   0x0000038c   Code   RO         6292    i.VMC_calc_1_right  vmc_calc.o
    0x0800e100   0x0800e100   0x00000196   Code   RO         6293    i.VMC_calc_2        vmc_calc.o
    0x0800e296   0x0800e296   0x00000002   PAD
    0x0800e298   0x0800e298   0x00000038   Code   RO         6294    i.VMC_init          vmc_calc.o
    0x0800e2d0   0x0800e2d0   0x00000030   Code   RO         9134    i.__0snprintf       mc_w.l(printfa.o)
    0x0800e300   0x0800e300   0x00000026   Code   RO         9195    i.__ARM_fpclassifyf  m_wv.l(fpclassifyf.o)
    0x0800e326   0x0800e326   0x00000002   PAD
    0x0800e328   0x0800e328   0x00000010   Code   RO         1875    i.__NVIC_GetPriorityGrouping  stm32h7xx_hal_cortex.o
    0x0800e338   0x0800e338   0x00000028   Code   RO         1876    i.__NVIC_SetPriority  stm32h7xx_hal_cortex.o
    0x0800e360   0x0800e360   0x00000138   Code   RO         8837    i.__hardfp_asinf    m_wv.l(asinf.o)
    0x0800e498   0x0800e498   0x00000258   Code   RO         8849    i.__hardfp_atan2f   m_wv.l(atan2f.o)
    0x0800e6f0   0x0800e6f0   0x00000066   Code   RO         8861    i.__hardfp_sqrt     m_wv.l(sqrt.o)
    0x0800e756   0x0800e756   0x0000003a   Code   RO         8873    i.__hardfp_sqrtf    m_wv.l(sqrtf.o)
    0x0800e790   0x0800e790   0x00000006   Code   RO         9198    i.__mathlib_flt_infnan  m_wv.l(funder.o)
    0x0800e796   0x0800e796   0x00000006   Code   RO         9199    i.__mathlib_flt_infnan2  m_wv.l(funder.o)
    0x0800e79c   0x0800e79c   0x00000010   Code   RO         9200    i.__mathlib_flt_invalid  m_wv.l(funder.o)
    0x0800e7ac   0x0800e7ac   0x00000010   Code   RO         9203    i.__mathlib_flt_underflow  m_wv.l(funder.o)
    0x0800e7bc   0x0800e7bc   0x0000000e   Code   RO         9277    i.__scatterload_copy  mc_w.l(handlers.o)
    0x0800e7ca   0x0800e7ca   0x00000002   Code   RO         9278    i.__scatterload_null  mc_w.l(handlers.o)
    0x0800e7cc   0x0800e7cc   0x0000000e   Code   RO         9279    i.__scatterload_zeroinit  mc_w.l(handlers.o)
    0x0800e7da   0x0800e7da   0x00000002   PAD
    0x0800e7dc   0x0800e7dc   0x0000000c   Code   RO         9238    i.__set_errno       mc_w.l(errno.o)
    0x0800e7e8   0x0800e7e8   0x00000184   Code   RO         9140    i._fp_digits        mc_w.l(printfa.o)
    0x0800e96c   0x0800e96c   0x000006dc   Code   RO         9141    i._printf_core      mc_w.l(printfa.o)
    0x0800f048   0x0800f048   0x00000024   Code   RO         9142    i._printf_post_padding  mc_w.l(printfa.o)
    0x0800f06c   0x0800f06c   0x0000002e   Code   RO         9143    i._printf_pre_padding  mc_w.l(printfa.o)
    0x0800f09a   0x0800f09a   0x00000016   Code   RO         9144    i._snputc           mc_w.l(printfa.o)
    0x0800f0b0   0x0800f0b0   0x0000016c   Code   RO         5907    i.bmi088_accel_init  bmi088driver.o
    0x0800f21c   0x0800f21c   0x00000130   Code   RO         5908    i.bmi088_gyro_init  bmi088driver.o
    0x0800f34c   0x0800f34c   0x0000007e   Code   RO         8441    i.canx_send_data    can_bsp.o
    0x0800f3ca   0x0800f3ca   0x00000002   PAD
    0x0800f3cc   0x0800f3cc   0x00000294   Code   RO         7968    i.chassisL_control_loop  chassisl_task.o
    0x0800f660   0x0800f660   0x0000004c   Code   RO         7969    i.chassisL_feedback_update  chassisl_task.o
    0x0800f6ac   0x0800f6ac   0x000002f8   Code   RO         8026    i.chassisR_control_loop  chassisr_task.o
    0x0800f9a4   0x0800f9a4   0x0000009c   Code   RO         8027    i.chassisR_feedback_update  chassisr_task.o
    0x0800fa40   0x0800fa40   0x0000009a   Code   RO         6048    i.dm4310_fbdata     dm4310_drv.o
    0x0800fada   0x0800fada   0x00000002   PAD
    0x0800fadc   0x0800fadc   0x000000a4   Code   RO         6049    i.dm6215_fbdata     dm4310_drv.o
    0x0800fb80   0x0800fb80   0x00000042   Code   RO         6050    i.enable_motor_mode  dm4310_drv.o
    0x0800fbc2   0x0800fbc2   0x0000000a   Code   RO         5909    i.fabsf             bmi088driver.o
    0x0800fbcc   0x0800fbcc   0x00000032   Code   RO         6051    i.float_to_uint     dm4310_drv.o
    0x0800fbfe   0x0800fbfe   0x00000064   Code   RO         6295    i.ground_detectionL  vmc_calc.o
    0x0800fc62   0x0800fc62   0x00000064   Code   RO         6296    i.ground_detectionR  vmc_calc.o
    0x0800fcc6   0x0800fcc6   0x00000006   Code   RO         6052    i.joint_motor_init  dm4310_drv.o
    0x0800fccc   0x0800fccc   0x00000032   Code   RO         8156    i.jump_key          ps2_task.o
    0x0800fcfe   0x0800fcfe   0x00000002   PAD
    0x0800fd00   0x0800fd00   0x000001ac   Code   RO         7970    i.jump_loop_l       chassisl_task.o
    0x0800feac   0x0800feac   0x00000248   Code   RO         8028    i.jump_loop_r       chassisr_task.o
    0x080100f4   0x080100f4   0x00000038   Code   RO         6151    i.mahony_init       mahony_filter.o
    0x0801012c   0x0801012c   0x0000001e   Code   RO         6152    i.mahony_input      mahony_filter.o
    0x0801014a   0x0801014a   0x0000004a   Code   RO         6153    i.mahony_output     mahony_filter.o
    0x08010194   0x08010194   0x00000286   Code   RO         6154    i.mahony_update     mahony_filter.o
    0x0801041a   0x0801041a   0x00000002   PAD
    0x0801041c   0x0801041c   0x00000080   Code   RO           17    i.main              main.o
    0x0801049c   0x0801049c   0x0000000e   Code   RO         7375    i.makeFreeRtosPriority  cmsis_os.o
    0x080104aa   0x080104aa   0x00000002   PAD
    0x080104ac   0x080104ac   0x0000006c   Code   RO         9162    i.malloc            mc_w.l(malloc.o)
    0x08010518   0x08010518   0x000000f0   Code   RO         6053    i.mit_ctrl          dm4310_drv.o
    0x08010608   0x08010608   0x000000f8   Code   RO         6054    i.mit_ctrl2         dm4310_drv.o
    0x08010700   0x08010700   0x00000028   Code   RO         8029    i.mySaturate        chassisr_task.o
    0x08010728   0x08010728   0x00000018   Code   RO         7377    i.osDelay           cmsis_os.o
    0x08010740   0x08010740   0x0000000a   Code   RO         7380    i.osKernelStart     cmsis_os.o
    0x0801074a   0x0801074a   0x00000030   Code   RO         7414    i.osThreadCreate    cmsis_os.o
    0x0801077a   0x0801077a   0x00000002   PAD
    0x0801077c   0x0801077c   0x000003d8   Code   RO         8275    i.parse_uart_frame  app_uart.o
    0x08010b54   0x08010b54   0x00000098   Code   RO         7052    i.prvAddCurrentTaskToDelayedList  tasks.o
    0x08010bec   0x08010bec   0x000000b4   Code   RO         7053    i.prvAddNewTaskToReadyList  tasks.o
    0x08010ca0   0x08010ca0   0x00000048   Code   RO         7054    i.prvCheckTasksWaitingTermination  tasks.o
    0x08010ce8   0x08010ce8   0x0000002a   Code   RO         6742    i.prvCopyDataFromQueue  queue.o
    0x08010d12   0x08010d12   0x0000007e   Code   RO         6743    i.prvCopyDataToQueue  queue.o
    0x08010d90   0x08010d90   0x00000012   Code   RO         7055    i.prvDeleteTCB      tasks.o
    0x08010da2   0x08010da2   0x00000014   Code   RO         6744    i.prvGetDisinheritPriorityAfterTimeout  queue.o
    0x08010db6   0x08010db6   0x00000002   PAD
    0x08010db8   0x08010db8   0x0000007c   Code   RO         7742    i.prvHeapInit       heap_4.o
    0x08010e34   0x08010e34   0x00000028   Code   RO         7056    i.prvIdleTask       tasks.o
    0x08010e5c   0x08010e5c   0x0000001e   Code   RO         6745    i.prvInitialiseMutex  queue.o
    0x08010e7a   0x08010e7a   0x00000026   Code   RO         6746    i.prvInitialiseNewQueue  queue.o
    0x08010ea0   0x08010ea0   0x000000b4   Code   RO         7057    i.prvInitialiseNewTask  tasks.o
    0x08010f54   0x08010f54   0x00000068   Code   RO         7058    i.prvInitialiseTaskLists  tasks.o
    0x08010fbc   0x08010fbc   0x00000068   Code   RO         7743    i.prvInsertBlockIntoFreeList  heap_4.o
    0x08011024   0x08011024   0x0000001a   Code   RO         6747    i.prvIsQueueEmpty   queue.o
    0x0801103e   0x0801103e   0x0000001e   Code   RO         6748    i.prvIsQueueFull    queue.o
    0x0801105c   0x0801105c   0x00000034   Code   RO         7059    i.prvResetNextTaskUnblockTime  tasks.o
    0x08011090   0x08011090   0x00000040   Code   RO         7811    i.prvTaskExitError  port.o
    0x080110d0   0x080110d0   0x0000007e   Code   RO         6749    i.prvUnlockQueue    queue.o
    0x0801114e   0x0801114e   0x00000002   PAD
    0x08011150   0x08011150   0x0000005c   Code   RO         8157    i.pstwo_task        ps2_task.o
    0x080111ac   0x080111ac   0x0000014c   Code   RO         7744    i.pvPortMalloc      heap_4.o
    0x080112f8   0x080112f8   0x00000020   Code   RO         7061    i.pvTaskIncrementMutexHeldCount  tasks.o
    0x08011318   0x08011318   0x0000002c   Code   RO         7812    i.pxPortInitialiseStack  port.o
    0x08011344   0x08011344   0x00000014   Code   RO         7893    i.rad_to_deg        ins_task.o
    0x08011358   0x08011358   0x00000024   Code   RO         8030    i.roll_pid_init     chassisr_task.o
    0x0801137c   0x0801137c   0x00000074   Code   RO         6492    i.slope_following   user_lib.o
    0x080113f0   0x080113f0   0x0000003e   Code   RO         8875    i.sqrtf             m_wv.l(sqrtf.o)
    0x0801142e   0x0801142e   0x00000002   PAD
    0x08011430   0x08011430   0x00000040   Code   RO         8277    i.uart_send_str     app_uart.o
    0x08011470   0x08011470   0x00000034   Code   RO         6057    i.uint_to_float     dm4310_drv.o
    0x080114a4   0x080114a4   0x00000028   Code   RO         6705    i.uxListRemove      list.o
    0x080114cc   0x080114cc   0x0000001a   Code   RO         6706    i.vListInitialise   list.o
    0x080114e6   0x080114e6   0x00000006   Code   RO         6707    i.vListInitialiseItem  list.o
    0x080114ec   0x080114ec   0x00000034   Code   RO         6708    i.vListInsert       list.o
    0x08011520   0x08011520   0x00000018   Code   RO         6709    i.vListInsertEnd    list.o
    0x08011538   0x08011538   0x00000054   Code   RO         7814    i.vPortEnterCritical  port.o
    0x0801158c   0x0801158c   0x0000003c   Code   RO         7815    i.vPortExitCritical  port.o
    0x080115c8   0x080115c8   0x000000a4   Code   RO         7745    i.vPortFree         heap_4.o
    0x0801166c   0x0801166c   0x00000028   Code   RO         7816    i.vPortSetupTimerInterrupt  port.o
    0x08011694   0x08011694   0x00000078   Code   RO         7817    i.vPortValidateInterruptPriority  port.o
    0x0801170c   0x0801170c   0x0000005c   Code   RO         7068    i.vTaskDelay        tasks.o
    0x08011768   0x08011768   0x00000018   Code   RO         7071    i.vTaskInternalSetTimeOutState  tasks.o
    0x08011780   0x08011780   0x0000000c   Code   RO         7072    i.vTaskMissedYield  tasks.o
    0x0801178c   0x0801178c   0x00000038   Code   RO         7074    i.vTaskPlaceOnEventList  tasks.o
    0x080117c4   0x080117c4   0x000000e4   Code   RO         7076    i.vTaskPriorityDisinheritAfterTimeout  tasks.o
    0x080118a8   0x080118a8   0x00000088   Code   RO         7081    i.vTaskStartScheduler  tasks.o
    0x08011930   0x08011930   0x00000010   Code   RO         7083    i.vTaskSuspendAll   tasks.o
    0x08011940   0x08011940   0x0000008c   Code   RO         7084    i.vTaskSwitchContext  tasks.o
    0x080119cc   0x080119cc   0x00000006   Code   RO         6058    i.wheel_motor_init  dm4310_drv.o
    0x080119d2   0x080119d2   0x00000002   PAD
    0x080119d4   0x080119d4   0x00000168   Code   RO         7818    i.xPortStartScheduler  port.o
    0x08011b3c   0x08011b3c   0x00000022   Code   RO         6756    i.xQueueCreateMutex  queue.o
    0x08011b5e   0x08011b5e   0x00000054   Code   RO         6757    i.xQueueGenericCreate  queue.o
    0x08011bb2   0x08011bb2   0x00000002   PAD
    0x08011bb4   0x08011bb4   0x00000098   Code   RO         6758    i.xQueueGenericReset  queue.o
    0x08011c4c   0x08011c4c   0x000001a8   Code   RO         6759    i.xQueueGenericSend  queue.o
    0x08011df4   0x08011df4   0x000000fc   Code   RO         6760    i.xQueueGenericSendFromISR  queue.o
    0x08011ef0   0x08011ef0   0x00000168   Code   RO         6766    i.xQueueReceive     queue.o
    0x08012058   0x08012058   0x000001b8   Code   RO         6768    i.xQueueSemaphoreTake  queue.o
    0x08012210   0x08012210   0x0000008c   Code   RO         7086    i.xTaskCheckForTimeOut  tasks.o
    0x0801229c   0x0801229c   0x00000060   Code   RO         7087    i.xTaskCreate       tasks.o
    0x080122fc   0x080122fc   0x00000020   Code   RO         7091    i.xTaskGetSchedulerState  tasks.o
    0x0801231c   0x0801231c   0x00000148   Code   RO         7094    i.xTaskIncrementTick  tasks.o
    0x08012464   0x08012464   0x000000c8   Code   RO         7097    i.xTaskPriorityDisinherit  tasks.o
    0x0801252c   0x0801252c   0x000000b8   Code   RO         7098    i.xTaskPriorityInherit  tasks.o
    0x080125e4   0x080125e4   0x00000098   Code   RO         7099    i.xTaskRemoveFromEventList  tasks.o
    0x0801267c   0x0801267c   0x00000104   Code   RO         7100    i.xTaskResumeAll    tasks.o
    0x08012780   0x08012780   0x00000074   Code   RO         8096    i.xvEstimateKF_Init  observe_task.o
    0x080127f4   0x080127f4   0x00000048   Code   RO         8097    i.xvEstimateKF_Update  observe_task.o
    0x0801283c   0x0801283c   0x000000a0   Data   RO          338    .constdata          freertos.o
    0x080128dc   0x080128dc   0x00000008   Data   RO         2739    .constdata          stm32h7xx_hal_dma.o
    0x080128e4   0x080128e4   0x0000005c   Data   RO         4463    .constdata          stm32h7xx_hal_fdcan.o
    0x08012940   0x08012940   0x00000018   Data   RO         5385    .constdata          stm32h7xx_hal_uart.o
    0x08012958   0x08012958   0x00000010   Data   RO         5756    .constdata          stm32h7xx_hal_uart_ex.o
    0x08012968   0x08012968   0x00000010   Data   RO         5865    .constdata          system_stm32h7xx.o
    0x08012978   0x08012978   0x0000000c   Data   RO         7972    .constdata          chassisl_task.o
    0x08012984   0x08012984   0x00000030   Data   RO         8032    .constdata          chassisr_task.o
    0x080129b4   0x080129b4   0x00000010   Data   RO         8099    .constdata          observe_task.o
    0x080129c4   0x080129c4   0x00000040   Data   RO         9273    .constdata          mc_w.l(ctype_c.o)
    0x08012a04   0x08012a04   0x00000074   Data   RO          339    .conststring        freertos.o
    0x08012a78   0x08012a78   0x00000804   Data   RO         8817    .rodata.sinTable_f32  arm_cortexM7lfdp_math.lib(arm_common_tables.o)
    0x0801327c   0x0801327c   0x00000020   Data   RO         9275    Region$$Table       anon$$obj.o


    Execution Region RW_IRAM1 (Exec base: 0x20000000, Load base: 0x0801329c, Size: 0x00000000, Max: 0x00020000, ABSOLUTE)

    **** No section assigned to this execution region ****


    Execution Region RW_IRAM2 (Exec base: 0x24000000, Load base: 0x0801329c, Size: 0x000093c0, Max: 0x00050000, ABSOLUTE, COMPRESSED[0x00000194])

    Exec Addr    Load Addr    Size         Type   Attr      Idx    E Section Name        Object

    0x24000000   COMPRESSED   0x0000001c   Data   RW          340    .data               freertos.o
    0x2400001c   COMPRESSED   0x00000004   Data   RW          459    .data               fdcan.o
    0x24000020   COMPRESSED   0x00000001   Data   RW          609    .data               usart.o
    0x24000021   COMPRESSED   0x00000003   PAD
    0x24000024   COMPRESSED   0x00000009   Data   RW         3471    .data               stm32h7xx_hal.o
    0x2400002d   COMPRESSED   0x00000003   PAD
    0x24000030   COMPRESSED   0x00000008   Data   RW         5866    .data               system_stm32h7xx.o
    0x24000038   COMPRESSED   0x0000004a   Data   RW         5911    .data               bmi088driver.o
    0x24000082   COMPRESSED   0x00000002   PAD
    0x24000084   COMPRESSED   0x00000004   Data   RW         5996    .data               bmi088middleware.o
    0x24000088   COMPRESSED   0x00000010   Data   RW         6297    .data               vmc_calc.o
    0x24000098   COMPRESSED   0x00000004   Data   RW         6406    .data               kalman_filter.o
    0x2400009c   COMPRESSED   0x0000003c   Data   RW         7103    .data               tasks.o
    0x240000d8   COMPRESSED   0x00000020   Data   RW         7751    .data               heap_4.o
    0x240000f8   COMPRESSED   0x0000000c   Data   RW         7819    .data               port.o
    0x24000104   COMPRESSED   0x0000002c   Data   RW         7895    .data               ins_task.o
    0x24000130   COMPRESSED   0x00000035   Data   RW         7973    .data               chassisl_task.o
    0x24000165   COMPRESSED   0x00000003   PAD
    0x24000168   COMPRESSED   0x000000f9   Data   RW         8033    .data               chassisr_task.o
    0x24000261   COMPRESSED   0x00000003   PAD
    0x24000264   COMPRESSED   0x00000064   Data   RW         8100    .data               observe_task.o
    0x240002c8   COMPRESSED   0x0000004c   Data   RW         8159    .data               ps2_task.o
    0x24000314   COMPRESSED   0x00000029   Data   RW         8279    .data               app_uart.o
    0x2400033d   COMPRESSED   0x00000003   PAD
    0x24000340   COMPRESSED   0x00000040   Data   RW         8369    .data               bsp_dwt.o
    0x24000380   COMPRESSED   0x00000004   Data   RW         9234    .data               mc_w.l(mvars.o)
    0x24000384   COMPRESSED   0x00000004   Data   RW         9235    .data               mc_w.l(mvars.o)
    0x24000388   COMPRESSED   0x00000004   Data   RW         9239    .data               mc_w.l(errno.o)
    0x2400038c        -       0x000001e0   Zero   RW          458    .bss                fdcan.o
    0x2400056c        -       0x00000178   Zero   RW          511    .bss                spi.o
    0x240006e4        -       0x00000098   Zero   RW          555    .bss                tim.o
    0x2400077c        -       0x00000094   Zero   RW          608    .bss                usart.o
    0x24000810        -       0x0000004c   Zero   RW          790    .bss                stm32h7xx_hal_timebase_tim.o
    0x2400085c        -       0x0000004c   Zero   RW         5910    .bss                bmi088driver.o
    0x240008a8        -       0x000000f0   Zero   RW         7102    .bss                tasks.o
    0x24000998        -       0x00007800   Zero   RW         7750    .bss                heap_4.o
    0x24008198        -       0x00000130   Zero   RW         7894    .bss                ins_task.o
    0x240082c8        -       0x000000f4   Zero   RW         7971    .bss                chassisl_task.o
    0x240083bc        -       0x000003ac   Zero   RW         8031    .bss                chassisr_task.o
    0x24008768        -       0x00000150   Zero   RW         8098    .bss                observe_task.o
    0x240088b8        -       0x00000015   Zero   RW         8158    .bss                ps2_task.o
    0x240088cd        -       0x00000020   Zero   RW         8278    .bss                app_uart.o
    0x240088ed   COMPRESSED   0x00000003   PAD
    0x240088f0        -       0x000000d0   Zero   RW         8442    .bss                can_bsp.o
    0x240089c0        -       0x00000200   Zero   RW            2    HEAP                startup_stm32h723xx.o
    0x24008bc0        -       0x00000800   Zero   RW            1    STACK               startup_stm32h723xx.o


==============================================================================

Image component sizes


      Code (inc. data)   RO Data    RW Data    ZI Data      Debug   Object Name

      1180        260          0         41         32       3234   app_uart.o
      3420        210          0         74         76      15552   bmi088driver.o
       116         30          0          4          0       3380   bmi088middleware.o
       580        112          0         64          0       4538   bsp_dwt.o
        58          0          0          0          0        986   bsp_pwm.o
       566         40          0          0        208       4304   can_bsp.o
      1716        118         12         53        244       4978   chassisl_task.o
      2192        182         48        249        940       7047   chassisr_task.o
        96          0          0          0          0      12751   cmsis_os.o
       986         34          0          0          0       8637   dm4310_drv.o
        68          4          0          0          0        878   dma.o
         0          0          0          0          0       8264   event_groups.o
       820         54          0          4        480       3373   fdcan.o
       334         44        276         28          0       9084   freertos.o
       372         16          0          0          0       1235   gpio.o
       724         74          0         32      30720       7487   heap_4.o
      1868        184          0         44        304       7300   ins_task.o
      3164         28          0          4          0       9131   kalman_filter.o
       148          0          0          0          0       3654   list.o
      1108         16          0          0          0       5985   mahony_filter.o
       404         12          0          0          0    1263759   main.o
       636         86         16        100        336       3357   observe_task.o
       592          8          0          0          0       2522   pid.o
      1014         92          0         12          0      12069   port.o
      2518        240          0         76         21      11426   ps2_task.o
         0          0          0          0          0       2093   quaternionekf.o
      2184         20          0          0          0      18564   queue.o
       476         38          0          0        376       2095   spi.o
        36          8        716          0       2560        828   startup_stm32h723xx.o
       172         34          0          9          0      22934   stm32h7xx_hal.o
       258         22          0          0          0      39234   stm32h7xx_hal_cortex.o
      7030        138          8          0          0      11043   stm32h7xx_hal_dma.o
      3586         52         92          0          0      22496   stm32h7xx_hal_fdcan.o
       524         50          0          0          0       2871   stm32h7xx_hal_gpio.o
        48          6          0          0          0        926   stm32h7xx_hal_msp.o
        96          6          0          0          0        769   stm32h7xx_hal_pwr_ex.o
      3496        120          0          0          0       7545   stm32h7xx_hal_rcc.o
      5140        112          0          0          0       7289   stm32h7xx_hal_rcc_ex.o
      2206         18          0          0          0      10085   stm32h7xx_hal_spi.o
      2980        304          0          0          0      15072   stm32h7xx_hal_tim.o
       234         38          0          0          0       3272   stm32h7xx_hal_tim_ex.o
       160         18          0          0         76       1631   stm32h7xx_hal_timebase_tim.o
      5864        210         24          0          0      38382   stm32h7xx_hal_uart.o
       360         10         16          0          0       5506   stm32h7xx_hal_uart_ex.o
       150         48          0          0          0       6725   stm32h7xx_it.o
       224         32         16          8          0       1378   system_stm32h7xx.o
      2926        368          0         60        240      26661   tasks.o
       504         46          0          0        152       3174   tim.o
        12          0          0          0          0        564   uart_control_task.o
       364         44          0          1        148       2767   usart.o
       116          0          0          0          0       1574   user_lib.o
      2544         46          0         16          0       6358   vmc_calc.o

    ----------------------------------------------------------------------
     66428       3632       1256        896      36916    1676767   Object Totals
         0          0         32          0          0          0   (incl. Generated)
        58          0          0         17          3          0   (incl. Padding)

    ----------------------------------------------------------------------

      Code (inc. data)   RO Data    RW Data    ZI Data      Debug   Library Member Name

         0          0       2052          0          0       4961   arm_common_tables.o
       144         12          0          0          0       1111   arm_cos_f32.o
       190          0          0          0          0       1836   arm_mat_add_f32.o
         8          0          0          0          0        841   arm_mat_init_f32.o
       716          4          0          0          0       3547   arm_mat_inverse_f32.o
       304          4          0          0          0       2362   arm_mat_mult_f32.o
       190          0          0          0          0       1834   arm_mat_sub_f32.o
       180          0          0          0          0       1862   arm_mat_trans_f32.o
       140         12          0          0          0       1098   arm_sin_f32.o
       312         54          0          0          0        176   asinf.o
       600         98          0          0          0        184   atan2f.o
        38          0          0          0          0        116   fpclassifyf.o
        44         12          0          0          0        464   funder.o
       102          0          0          0          0        140   sqrt.o
       120          0          0          0          0        272   sqrtf.o
        56          8          0          0          0         84   __0sscanf.o
        86          0          0          0          0          0   __dczerorl2.o
        28          0          0          0          0         68   _chval.o
       812          4          0          0          0        112   _scanf.o
       332          0          0          0          0         96   _scanf_int.o
       224          0          0          0          0         96   _scanf_str.o
        64          0          0          0          0         84   _sgetc.o
        40          6         64          0          0         68   ctype_c.o
         0          0          0          0          0          0   entry.o
         0          0          0          0          0          0   entry10a.o
         0          0          0          0          0          0   entry11a.o
         8          4          0          0          0          0   entry2.o
         4          0          0          0          0          0   entry5.o
         0          0          0          0          0          0   entry7b.o
         0          0          0          0          0          0   entry8b.o
         8          4          0          0          0          0   entry9a.o
        12          6          0          4          0         68   errno.o
        30          0          0          0          0          0   handlers.o
        36          8          0          0          0         68   init.o
        10          0          0          0          0         68   isspace_c.o
         0          0          0          0          0          0   iusefp.o
        30          0          0          0          0         68   llshl.o
        36          0          0          0          0         68   llsshr.o
        32          0          0          0          0         68   llushr.o
       108         16          0          0          0         84   malloc.o
        36          0          0          0          0         68   memcpya.o
        36          0          0          0          0        108   memseta.o
         0          0          0          8          0          0   mvars.o
      2296         84          0          0          0        520   printfa.o
        40          8          0          0          0         84   scanf_char.o
        14          0          0          0          0         68   strlen.o
        44          0          0          0          0         80   uidiv.o
        98          0          0          0          0         92   uldiv.o
        48          0          0          0          0         68   cdrcmple.o
       334          0          0          0          0        148   dadd.o
       222          0          0          0          0        100   ddiv.o
       186          0          0          0          0        176   depilogue.o
        48          0          0          0          0         68   dfixul.o
       228          0          0          0          0         96   dmul.o

    ----------------------------------------------------------------------
      8692        344       2116         12          0      23580   Library Totals
        18          0          0          0          0          0   (incl. Padding)

    ----------------------------------------------------------------------

      Code (inc. data)   RO Data    RW Data    ZI Data      Debug   Library Name

      1872         32       2052          0          0      19452   arm_cortexM7lfdp_math.lib
      1216        164          0          0          0       1352   m_wv.l
      4520        148         64         12          0       2120   mc_w.l
      1066          0          0          0          0        656   mf_w.l

    ----------------------------------------------------------------------
      8692        344       2116         12          0      23580   Library Totals

    ----------------------------------------------------------------------

==============================================================================


      Code (inc. data)   RO Data    RW Data    ZI Data      Debug   

     75120       3976       3372        908      36916    1667263   Grand Totals
     75120       3976       3372        404      36916    1667263   ELF Image Totals (compressed)
     75120       3976       3372        404          0          0   ROM Totals

==============================================================================

    Total RO  Size (Code + RO Data)                78492 (  76.65kB)
    Total RW  Size (RW Data + ZI Data)             37824 (  36.94kB)
    Total ROM Size (Code + RO Data + RW Data)      78896 (  77.05kB)

==============================================================================

